[INFO] Scanning for projects...
[INFO] ------------------------------------------------------------------------
[INFO] Reactor Build Order:
[INFO] 
[INFO] SimulatorMosire                                                    [pom]
[INFO] UtilSimos                                                          [jar]
[INFO] MapSimos                                                           [jar]
[INFO] SocialSimos                                                        [jar]
[INFO] UnitSimos                                                          [jar]
[INFO] CoreSimos                                                          [jar]
[INFO] SDSimos                                                            [jar]
[INFO] SimosApp                                                           [jar]
[INFO] 
[INFO] -----------------------< io.mosire:simos-parent >-----------------------
[INFO] Building SimulatorMosire 0.1.0-SNAPSHOT                            [1/8]
[INFO]   from pom.xml
[INFO] --------------------------------[ pom ]---------------------------------
[INFO] 
[INFO] --- clean:3.2.0:clean (default-clean) @ simos-parent ---
[INFO] Deleting /home/cna/SimulatorMosire/target
[INFO] 
[INFO] --- enforcer:3.6.3:enforce (enforce-java-and-maven) @ simos-parent ---
[INFO] Rule 0: org.apache.maven.enforcer.rules.version.RequireJavaVersion passed
[INFO] Rule 1: org.apache.maven.enforcer.rules.version.RequireMavenVersion passed
[INFO] 
[INFO] --- checkstyle:3.6.0:check (checkstyle-check) @ simos-parent ---
[INFO] Starting audit...
Audit done.
[INFO] You have 0 Checkstyle violations.
[INFO] 
[INFO] --- spotless:3.10.2:check (spotless-check) @ simos-parent ---
[INFO] Index file does not exist. Fallback to an empty index
[INFO] 
[INFO] >>> spotbugs:4.10.4.1:check (spotbugs-check) > :spotbugs @ simos-parent >>>
[INFO] 
[INFO] --- spotbugs:4.10.4.1:spotbugs (spotbugs) @ simos-parent ---
