--- visible text snippet ---
Simos 工作台
常规
区域查看
地图编辑
区域编辑
单位移动编辑
决策
决策
回到世界中心
区域名
收起左栏
收起右栏
分支 main · rev 10 · tick 0
详情
点选地图或单位以查看详情。
编制
暂无单位。
决策
决策人查看
审批
点选地图上的国家区域或有决策人的单位，查看其决策人信息。
开始决策
未选中决策人
>
决策人
按类型分类（国家 / 军队）。点一条 ⇒ 国家：高亮其全部区域；军队：选中其根单位。
国家
2
大蜀
dm-dashu
待决
西陵
dm-xiling
待决
缩放 0.06×
已载入 59223 格（mapId=Map1，单位 0）
共 59223 格 · 252 区域 · 单位 0 · ocean=14927 plains=28347 desert=746 low_hills=14107 mountains=1096
main
tick 0· 10 条命令
推进
tick
推进 N tick
分岔
GM 界面
分支 main · rev 10 · head 10 · tick 0
待批 0
