===== T3 JS 变异轮 sm_delete_keep =====
target=map.js
orig_md5=06ac0d533835b515f815a635e76b0f9c
clean_world_md5=06ac0d533835b515f815a635e76b0f9c
mutant=sm_delete_keep replacements=1
mutant_md5=8b023d2b5b9cda42f9abf27625434f1f
gate_rc=1
gate_tests=114
restored_md5=06ac0d533835b515f815a635e76b0f9c
VERDICT=KILLED
-- 红点（被保护断言）--
  not ok 35 - edgeDeletePlan-replaces-with-the-surviving-set
failing_count=1

===== 装置补记（sm_delete_keep）=====
target=map.js
orig_md5=06ac0d533835b515f815a635e76b0f9c
mutant_md5=8b023d2b5b9cda42f9abf27625434f1f
restored_md5=06ac0d533835b515f815a635e76b0f9c
gate_rc=1 gate_tests=114 failing=1
===== end sm_delete_keep self_md5=8b023d2b5b9cda42f9abf27625434f1f =====
