[INFO] Scanning for projects...
[INFO] ------------------------------------------------------------------------
[INFO] Reactor Build Order:
[INFO] 
[INFO] SimulatorMosire                                                    [pom]
[INFO] UtilSimos                                                          [jar]
[INFO] MapSimos                                                           [jar]
[INFO] UnitSimos                                                          [jar]
[INFO] 
[INFO] -----------------------< io.mosire:simos-parent >-----------------------
[INFO] Building SimulatorMosire 0.1.0-SNAPSHOT                            [1/4]
[INFO]   from pom.xml
[INFO] --------------------------------[ pom ]---------------------------------
[INFO] 
[INFO] --- enforcer:3.6.3:enforce (enforce-java-and-maven) @ simos-parent ---
[INFO] Rule 0: org.apache.maven.enforcer.rules.version.RequireJavaVersion passed
[INFO] Rule 1: org.apache.maven.enforcer.rules.version.RequireMavenVersion passed
[INFO] 
[INFO] --- checkstyle:3.6.0:check (checkstyle-check) @ simos-parent ---
[INFO] Starting audit...
Audit done.
[INFO] You have 0 Checkstyle violations.
[INFO] 
[INFO] ------------------------< io.mosire:simos-util >------------------------
[INFO] Building UtilSimos 0.1.0-SNAPSHOT                                  [2/4]
[INFO]   from simos-util/pom.xml
[INFO] --------------------------------[ jar ]---------------------------------
[INFO] 
[INFO] --- enforcer:3.6.3:enforce (enforce-java-and-maven) @ simos-util ---
[INFO] 
[INFO] --- enforcer:3.6.3:enforce (enforce-module-boundaries) @ simos-util ---
[INFO] Rule 0: org.apache.maven.enforcer.rules.dependency.BannedDependencies passed
[INFO] 
[INFO] --- checkstyle:3.6.0:check (checkstyle-check) @ simos-util ---
[INFO] Starting audit...
Audit done.
[INFO] You have 0 Checkstyle violations.
[INFO] 
[INFO] --- resources:3.4.0:resources (default-resources) @ simos-util ---
[INFO] skip non existing resourceDirectory /home/cna/SimulatorMosire/simos-util/src/main/resources
[INFO] 
[INFO] --- compiler:3.16.0:compile (default-compile) @ simos-util ---
[INFO] Nothing to compile - all classes are up to date.
[INFO] 
[INFO] --- resources:3.4.0:testResources (default-testResources) @ simos-util ---
[INFO] skip non existing resourceDirectory /home/cna/SimulatorMosire/simos-util/src/test/resources
[INFO] 
[INFO] --- compiler:3.16.0:testCompile (default-testCompile) @ simos-util ---
[INFO] Nothing to compile - all classes are up to date.
[INFO] 
[INFO] --- surefire:3.6.0:test (default-test) @ simos-util ---
[INFO] 
[INFO] ------------------------< io.mosire:simos-map >-------------------------
[INFO] Building MapSimos 0.1.0-SNAPSHOT                                   [3/4]
[INFO]   from simos-map/pom.xml
[INFO] --------------------------------[ jar ]---------------------------------
[INFO] 
[INFO] --- enforcer:3.6.3:enforce (enforce-java-and-maven) @ simos-map ---
[INFO] 
[INFO] --- enforcer:3.6.3:enforce (enforce-module-boundaries) @ simos-map ---
[INFO] Rule 0: org.apache.maven.enforcer.rules.dependency.BannedDependencies passed
[INFO] 
[INFO] --- checkstyle:3.6.0:check (checkstyle-check) @ simos-map ---
[INFO] Starting audit...
Audit done.
[INFO] You have 0 Checkstyle violations.
[INFO] 
[INFO] --- resources:3.4.0:resources (default-resources) @ simos-map ---
[INFO] skip non existing resourceDirectory /home/cna/SimulatorMosire/simos-map/src/main/resources
[INFO] 
[INFO] --- compiler:3.16.0:compile (default-compile) @ simos-map ---
[INFO] Recompiling the module because of changed dependency.
[INFO] Compiling 33 source files with javac [debug release 21] to target/classes
[INFO] 
[INFO] --- resources:3.4.0:testResources (default-testResources) @ simos-map ---
[INFO] skip non existing resourceDirectory /home/cna/SimulatorMosire/simos-map/src/test/resources
[INFO] 
[INFO] --- compiler:3.16.0:testCompile (default-testCompile) @ simos-map ---
[INFO] Recompiling the module because of changed dependency.
[INFO] Compiling 26 source files with javac [debug release 21] to target/test-classes
[INFO] 
[INFO] --- surefire:3.6.0:test (default-test) @ simos-map ---
[INFO] 
[INFO] ------------------------< io.mosire:simos-unit >------------------------
[INFO] Building UnitSimos 0.1.0-SNAPSHOT                                  [4/4]
[INFO]   from simos-unit/pom.xml
[INFO] --------------------------------[ jar ]---------------------------------
[INFO] 
[INFO] --- enforcer:3.6.3:enforce (enforce-java-and-maven) @ simos-unit ---
[INFO] 
[INFO] --- enforcer:3.6.3:enforce (enforce-module-boundaries) @ simos-unit ---
[INFO] Rule 0: org.apache.maven.enforcer.rules.dependency.BannedDependencies passed
[INFO] 
[INFO] --- checkstyle:3.6.0:check (checkstyle-check) @ simos-unit ---
[INFO] Starting audit...
Audit done.
[INFO] You have 0 Checkstyle violations.
[INFO] 
[INFO] --- resources:3.4.0:resources (default-resources) @ simos-unit ---
[INFO] skip non existing resourceDirectory /home/cna/SimulatorMosire/simos-unit/src/main/resources
[INFO] 
[INFO] --- compiler:3.16.0:compile (default-compile) @ simos-unit ---
[INFO] Recompiling the module because of changed dependency.
[INFO] Compiling 11 source files with javac [debug release 21] to target/classes
[INFO] 
[INFO] --- resources:3.4.0:testResources (default-testResources) @ simos-unit ---
[INFO] skip non existing resourceDirectory /home/cna/SimulatorMosire/simos-unit/src/test/resources
[INFO] 
[INFO] --- compiler:3.16.0:testCompile (default-testCompile) @ simos-unit ---
[INFO] Recompiling the module because of changed dependency.
[INFO] Compiling 9 source files with javac [debug release 21] to target/test-classes
[INFO] -------------------------------------------------------------
[ERROR] COMPILATION ERROR : 
[INFO] -------------------------------------------------------------
[ERROR] /home/cna/SimulatorMosire/simos-unit/src/test/java/io/mosire/simos/unit/move/UnitMovesTest.java:[42,5] cannot find symbol
  symbol:   class MovementState
  location: class io.mosire.simos.unit.move.UnitMovesTest
[ERROR] /home/cna/SimulatorMosire/simos-unit/src/test/java/io/mosire/simos/unit/move/UnitMovesTest.java:[43,9] cannot find symbol
  symbol:   variable UnitMoves
  location: class io.mosire.simos.unit.move.UnitMovesTest
[ERROR] /home/cna/SimulatorMosire/simos-unit/src/test/java/io/mosire/simos/unit/move/UnitMovesTest.java:[50,42] cannot find symbol
  symbol:   variable MovementStatus
  location: class io.mosire.simos.unit.move.UnitMovesTest
[ERROR] /home/cna/SimulatorMosire/simos-unit/src/test/java/io/mosire/simos/unit/move/UnitMovesTest.java:[55,5] cannot find symbol
  symbol:   class MovementState
  location: class io.mosire.simos.unit.move.UnitMovesTest
[ERROR] /home/cna/SimulatorMosire/simos-unit/src/test/java/io/mosire/simos/unit/move/UnitMovesTest.java:[56,9] cannot find symbol
  symbol:   variable UnitMoves
  location: class io.mosire.simos.unit.move.UnitMovesTest
[ERROR] /home/cna/SimulatorMosire/simos-unit/src/test/java/io/mosire/simos/unit/move/UnitMovesTest.java:[60,42] cannot find symbol
  symbol:   variable MovementStatus
  location: class io.mosire.simos.unit.move.UnitMovesTest
[ERROR] /home/cna/SimulatorMosire/simos-unit/src/test/java/io/mosire/simos/unit/move/UnitMovesTest.java:[65,5] cannot find symbol
  symbol:   class MovementState
  location: class io.mosire.simos.unit.move.UnitMovesTest
[ERROR] /home/cna/SimulatorMosire/simos-unit/src/test/java/io/mosire/simos/unit/move/UnitMovesTest.java:[66,9] cannot find symbol
  symbol:   variable UnitMoves
  location: class io.mosire.simos.unit.move.UnitMovesTest
[ERROR] /home/cna/SimulatorMosire/simos-unit/src/test/java/io/mosire/simos/unit/move/UnitMovesTest.java:[70,42] cannot find symbol
  symbol:   variable MovementStatus
  location: class io.mosire.simos.unit.move.UnitMovesTest
[ERROR] /home/cna/SimulatorMosire/simos-unit/src/test/java/io/mosire/simos/unit/move/UnitMovesTest.java:[80,5] cannot find symbol
  symbol:   class MovementState
  location: class io.mosire.simos.unit.move.UnitMovesTest
[ERROR] /home/cna/SimulatorMosire/simos-unit/src/test/java/io/mosire/simos/unit/move/UnitMovesTest.java:[81,9] cannot find symbol
  symbol:   variable UnitMoves
  location: class io.mosire.simos.unit.move.UnitMovesTest
[ERROR] /home/cna/SimulatorMosire/simos-unit/src/test/java/io/mosire/simos/unit/move/UnitMovesTest.java:[84,54] cannot find symbol
  symbol:   variable MovementStatus
  location: class io.mosire.simos.unit.move.UnitMovesTest
[ERROR] /home/cna/SimulatorMosire/simos-unit/src/test/java/io/mosire/simos/unit/move/UnitMovesTest.java:[92,5] cannot find symbol
  symbol:   class MovementState
  location: class io.mosire.simos.unit.move.UnitMovesTest
[ERROR] /home/cna/SimulatorMosire/simos-unit/src/test/java/io/mosire/simos/unit/move/UnitMovesTest.java:[93,9] cannot find symbol
  symbol:   variable UnitMoves
  location: class io.mosire.simos.unit.move.UnitMovesTest
[ERROR] /home/cna/SimulatorMosire/simos-unit/src/test/java/io/mosire/simos/unit/move/UnitMovesTest.java:[98,42] cannot find symbol
  symbol:   variable MovementStatus
  location: class io.mosire.simos.unit.move.UnitMovesTest
[ERROR] /home/cna/SimulatorMosire/simos-unit/src/test/java/io/mosire/simos/unit/move/UnitMovesTest.java:[117,16] cannot find symbol
  symbol:   variable UnitMoves
  location: class io.mosire.simos.unit.move.UnitMovesTest
[ERROR] /home/cna/SimulatorMosire/simos-unit/src/test/java/io/mosire/simos/unit/move/UnitMovesTest.java:[120,13] cannot find symbol
  symbol:   variable UnitMoves
  location: class io.mosire.simos.unit.move.UnitMovesTest
[ERROR] /home/cna/SimulatorMosire/simos-unit/src/test/java/io/mosire/simos/unit/move/UnitMovesTest.java:[140,13] cannot find symbol
  symbol:   variable UnitMoves
  location: class io.mosire.simos.unit.move.UnitMovesTest
[ERROR] /home/cna/SimulatorMosire/simos-unit/src/test/java/io/mosire/simos/unit/move/UnitMovesTest.java:[142,13] cannot find symbol
  symbol:   variable UnitMoves
  location: class io.mosire.simos.unit.move.UnitMovesTest
[ERROR] /home/cna/SimulatorMosire/simos-unit/src/test/java/io/mosire/simos/unit/move/UnitMovesTest.java:[148,19] cannot find symbol
  symbol:   variable UnitMoves
  location: class io.mosire.simos.unit.move.UnitMovesTest
[ERROR] /home/cna/SimulatorMosire/simos-unit/src/test/java/io/mosire/simos/unit/move/UnitMovesTest.java:[152,17] cannot find symbol
  symbol:   variable UnitMoves
  location: class io.mosire.simos.unit.move.UnitMovesTest
[ERROR] /home/cna/SimulatorMosire/simos-unit/src/test/java/io/mosire/simos/unit/move/UnitMovesTest.java:[165,21] cannot find symbol
  symbol:   class MovementState
  location: class io.mosire.simos.unit.move.UnitMovesTest
[ERROR] /home/cna/SimulatorMosire/simos-unit/src/test/java/io/mosire/simos/unit/move/UnitMovesTest.java:[166,66] cannot find symbol
  symbol:   variable MovementStatus
  location: class io.mosire.simos.unit.move.UnitMovesTest
[ERROR] /home/cna/SimulatorMosire/simos-unit/src/test/java/io/mosire/simos/unit/move/UnitMovesTest.java:[170,21] cannot find symbol
  symbol:   class MovementState
  location: class io.mosire.simos.unit.move.UnitMovesTest
[ERROR] /home/cna/SimulatorMosire/simos-unit/src/test/java/io/mosire/simos/unit/move/UnitMovesTest.java:[171,64] cannot find symbol
  symbol:   variable MovementStatus
  location: class io.mosire.simos.unit.move.UnitMovesTest
[ERROR] /home/cna/SimulatorMosire/simos-unit/src/test/java/io/mosire/simos/unit/move/UnitMovesTest.java:[176,21] cannot find symbol
  symbol:   class MovementState
  location: class io.mosire.simos.unit.move.UnitMovesTest
[ERROR] /home/cna/SimulatorMosire/simos-unit/src/test/java/io/mosire/simos/unit/move/UnitMovesTest.java:[177,64] cannot find symbol
  symbol:   variable MovementStatus
  location: class io.mosire.simos.unit.move.UnitMovesTest
[ERROR] /home/cna/SimulatorMosire/simos-unit/src/test/java/io/mosire/simos/unit/move/UnitMovesTest.java:[181,21] cannot find symbol
  symbol:   class MovementState
  location: class io.mosire.simos.unit.move.UnitMovesTest
[ERROR] /home/cna/SimulatorMosire/simos-unit/src/test/java/io/mosire/simos/unit/move/UnitMovesTest.java:[182,66] cannot find symbol
  symbol:   variable MovementStatus
  location: class io.mosire.simos.unit.move.UnitMovesTest
[INFO] 29 errors 
[INFO] -------------------------------------------------------------
[INFO] ------------------------------------------------------------------------
[INFO] Reactor Summary for SimulatorMosire 0.1.0-SNAPSHOT:
[INFO] 
[INFO] SimulatorMosire .................................... SUCCESS [  0.510 s]
[INFO] UtilSimos .......................................... SUCCESS [  0.219 s]
[INFO] MapSimos ........................................... SUCCESS [  1.200 s]
[INFO] UnitSimos .......................................... FAILURE [  0.536 s]
[INFO] ------------------------------------------------------------------------
[INFO] BUILD FAILURE
[INFO] ------------------------------------------------------------------------
[INFO] Total time:  2.549 s
[INFO] Finished at: 2026-09-18T02:06:11+08:00
[INFO] ------------------------------------------------------------------------
[ERROR] Failed to execute goal org.apache.maven.plugins:maven-compiler-plugin:3.16.0:testCompile (default-testCompile) on project simos-unit: Compilation failure: Compilation failure: 
[ERROR] /home/cna/SimulatorMosire/simos-unit/src/test/java/io/mosire/simos/unit/move/UnitMovesTest.java:[42,5] cannot find symbol
[ERROR]   symbol:   class MovementState
[ERROR]   location: class io.mosire.simos.unit.move.UnitMovesTest
[ERROR] /home/cna/SimulatorMosire/simos-unit/src/test/java/io/mosire/simos/unit/move/UnitMovesTest.java:[43,9] cannot find symbol
[ERROR]   symbol:   variable UnitMoves
[ERROR]   location: class io.mosire.simos.unit.move.UnitMovesTest
[ERROR] /home/cna/SimulatorMosire/simos-unit/src/test/java/io/mosire/simos/unit/move/UnitMovesTest.java:[50,42] cannot find symbol
[ERROR]   symbol:   variable MovementStatus
[ERROR]   location: class io.mosire.simos.unit.move.UnitMovesTest
[ERROR] /home/cna/SimulatorMosire/simos-unit/src/test/java/io/mosire/simos/unit/move/UnitMovesTest.java:[55,5] cannot find symbol
[ERROR]   symbol:   class MovementState
[ERROR]   location: class io.mosire.simos.unit.move.UnitMovesTest
[ERROR] /home/cna/SimulatorMosire/simos-unit/src/test/java/io/mosire/simos/unit/move/UnitMovesTest.java:[56,9] cannot find symbol
[ERROR]   symbol:   variable UnitMoves
[ERROR]   location: class io.mosire.simos.unit.move.UnitMovesTest
[ERROR] /home/cna/SimulatorMosire/simos-unit/src/test/java/io/mosire/simos/unit/move/UnitMovesTest.java:[60,42] cannot find symbol
[ERROR]   symbol:   variable MovementStatus
[ERROR]   location: class io.mosire.simos.unit.move.UnitMovesTest
[ERROR] /home/cna/SimulatorMosire/simos-unit/src/test/java/io/mosire/simos/unit/move/UnitMovesTest.java:[65,5] cannot find symbol
[ERROR]   symbol:   class MovementState
[ERROR]   location: class io.mosire.simos.unit.move.UnitMovesTest
[ERROR] /home/cna/SimulatorMosire/simos-unit/src/test/java/io/mosire/simos/unit/move/UnitMovesTest.java:[66,9] cannot find symbol
[ERROR]   symbol:   variable UnitMoves
[ERROR]   location: class io.mosire.simos.unit.move.UnitMovesTest
[ERROR] /home/cna/SimulatorMosire/simos-unit/src/test/java/io/mosire/simos/unit/move/UnitMovesTest.java:[70,42] cannot find symbol
[ERROR]   symbol:   variable MovementStatus
[ERROR]   location: class io.mosire.simos.unit.move.UnitMovesTest
[ERROR] /home/cna/SimulatorMosire/simos-unit/src/test/java/io/mosire/simos/unit/move/UnitMovesTest.java:[80,5] cannot find symbol
[ERROR]   symbol:   class MovementState
[ERROR]   location: class io.mosire.simos.unit.move.UnitMovesTest
[ERROR] /home/cna/SimulatorMosire/simos-unit/src/test/java/io/mosire/simos/unit/move/UnitMovesTest.java:[81,9] cannot find symbol
[ERROR]   symbol:   variable UnitMoves
[ERROR]   location: class io.mosire.simos.unit.move.UnitMovesTest
[ERROR] /home/cna/SimulatorMosire/simos-unit/src/test/java/io/mosire/simos/unit/move/UnitMovesTest.java:[84,54] cannot find symbol
[ERROR]   symbol:   variable MovementStatus
[ERROR]   location: class io.mosire.simos.unit.move.UnitMovesTest
[ERROR] /home/cna/SimulatorMosire/simos-unit/src/test/java/io/mosire/simos/unit/move/UnitMovesTest.java:[92,5] cannot find symbol
[ERROR]   symbol:   class MovementState
[ERROR]   location: class io.mosire.simos.unit.move.UnitMovesTest
[ERROR] /home/cna/SimulatorMosire/simos-unit/src/test/java/io/mosire/simos/unit/move/UnitMovesTest.java:[93,9] cannot find symbol
[ERROR]   symbol:   variable UnitMoves
[ERROR]   location: class io.mosire.simos.unit.move.UnitMovesTest
[ERROR] /home/cna/SimulatorMosire/simos-unit/src/test/java/io/mosire/simos/unit/move/UnitMovesTest.java:[98,42] cannot find symbol
[ERROR]   symbol:   variable MovementStatus
[ERROR]   location: class io.mosire.simos.unit.move.UnitMovesTest
[ERROR] /home/cna/SimulatorMosire/simos-unit/src/test/java/io/mosire/simos/unit/move/UnitMovesTest.java:[117,16] cannot find symbol
[ERROR]   symbol:   variable UnitMoves
[ERROR]   location: class io.mosire.simos.unit.move.UnitMovesTest
[ERROR] /home/cna/SimulatorMosire/simos-unit/src/test/java/io/mosire/simos/unit/move/UnitMovesTest.java:[120,13] cannot find symbol
[ERROR]   symbol:   variable UnitMoves
[ERROR]   location: class io.mosire.simos.unit.move.UnitMovesTest
[ERROR] /home/cna/SimulatorMosire/simos-unit/src/test/java/io/mosire/simos/unit/move/UnitMovesTest.java:[140,13] cannot find symbol
[ERROR]   symbol:   variable UnitMoves
[ERROR]   location: class io.mosire.simos.unit.move.UnitMovesTest
[ERROR] /home/cna/SimulatorMosire/simos-unit/src/test/java/io/mosire/simos/unit/move/UnitMovesTest.java:[142,13] cannot find symbol
[ERROR]   symbol:   variable UnitMoves
[ERROR]   location: class io.mosire.simos.unit.move.UnitMovesTest
[ERROR] /home/cna/SimulatorMosire/simos-unit/src/test/java/io/mosire/simos/unit/move/UnitMovesTest.java:[148,19] cannot find symbol
[ERROR]   symbol:   variable UnitMoves
[ERROR]   location: class io.mosire.simos.unit.move.UnitMovesTest
[ERROR] /home/cna/SimulatorMosire/simos-unit/src/test/java/io/mosire/simos/unit/move/UnitMovesTest.java:[152,17] cannot find symbol
[ERROR]   symbol:   variable UnitMoves
[ERROR]   location: class io.mosire.simos.unit.move.UnitMovesTest
[ERROR] /home/cna/SimulatorMosire/simos-unit/src/test/java/io/mosire/simos/unit/move/UnitMovesTest.java:[165,21] cannot find symbol
[ERROR]   symbol:   class MovementState
[ERROR]   location: class io.mosire.simos.unit.move.UnitMovesTest
[ERROR] /home/cna/SimulatorMosire/simos-unit/src/test/java/io/mosire/simos/unit/move/UnitMovesTest.java:[166,66] cannot find symbol
[ERROR]   symbol:   variable MovementStatus
[ERROR]   location: class io.mosire.simos.unit.move.UnitMovesTest
[ERROR] /home/cna/SimulatorMosire/simos-unit/src/test/java/io/mosire/simos/unit/move/UnitMovesTest.java:[170,21] cannot find symbol
[ERROR]   symbol:   class MovementState
[ERROR]   location: class io.mosire.simos.unit.move.UnitMovesTest
[ERROR] /home/cna/SimulatorMosire/simos-unit/src/test/java/io/mosire/simos/unit/move/UnitMovesTest.java:[171,64] cannot find symbol
[ERROR]   symbol:   variable MovementStatus
[ERROR]   location: class io.mosire.simos.unit.move.UnitMovesTest
[ERROR] /home/cna/SimulatorMosire/simos-unit/src/test/java/io/mosire/simos/unit/move/UnitMovesTest.java:[176,21] cannot find symbol
[ERROR]   symbol:   class MovementState
[ERROR]   location: class io.mosire.simos.unit.move.UnitMovesTest
[ERROR] /home/cna/SimulatorMosire/simos-unit/src/test/java/io/mosire/simos/unit/move/UnitMovesTest.java:[177,64] cannot find symbol
[ERROR]   symbol:   variable MovementStatus
[ERROR]   location: class io.mosire.simos.unit.move.UnitMovesTest
[ERROR] /home/cna/SimulatorMosire/simos-unit/src/test/java/io/mosire/simos/unit/move/UnitMovesTest.java:[181,21] cannot find symbol
[ERROR]   symbol:   class MovementState
[ERROR]   location: class io.mosire.simos.unit.move.UnitMovesTest
[ERROR] /home/cna/SimulatorMosire/simos-unit/src/test/java/io/mosire/simos/unit/move/UnitMovesTest.java:[182,66] cannot find symbol
[ERROR]   symbol:   variable MovementStatus
[ERROR]   location: class io.mosire.simos.unit.move.UnitMovesTest
[ERROR] -> [Help 1]
[ERROR] 
[ERROR] To see the full stack trace of the errors, re-run Maven with the -e switch.
[ERROR] Re-run Maven using the -X switch to enable full debug logging.
[ERROR] 
[ERROR] For more information about the errors and possible solutions, please read the following articles:
[ERROR] [Help 1] http://cwiki.apache.org/confluence/display/MAVEN/MojoFailureException
[ERROR] 
[ERROR] After correcting the problems, you can resume the build with the command
[ERROR]   mvn <args> -rf :simos-unit
