server_ready_tries=3 code=200 pid=308313
STEP setup-single-tick-node: PASS {"initialNodes":[{"tick":5,"revision":1,"firstRevision":1,"count":1,"commands":"core.Bootstrap","styleLeft":"72px","centerX":103,"text":"tick 5· Bootstrap"}],"initialTicks":{"ticks":[5],"lastTick":5,"nodeCount":1}}
STEP setup-unit-selected: PASS {"kind":"unit","id":"u-1"}
STEP a-node-count-unchanged: PASS {"before":1,"after":1}
STEP a-detail-plus-one: PASS {"before":{"tick":5,"revision":1,"firstRevision":1,"count":1,"commands":"core.Bootstrap","styleLeft":"72px","centerX":103,"text":"tick 5· Bootstrap"},"after":{"tick":5,"revision":2,"firstRevision":1,"count":2,"commands":"core.Bootstrap,unit.PlanRoute","styleLeft":"72px","centerX":103,"text":"tick 5· 2 条命令"}}
STEP a-command-is-planroute: PASS "core.Bootstrap,unit.PlanRoute"
STEP a-head-advanced: PASS {"headBeforeA":1,"headAfterA":2}
STEP a-write-issued: PASS {"nonGetBeforeA":0,"nonGetAfterA":1}
STEP a-api-tick-count-unchanged: PASS {"apiBeforeA":[5],"apiAfterA":[5]}
STEP b-advance-button-enabled-at-tip: PASS {"advEnabledB":true}
STEP b-node-plus-one: PASS {"nodesBeforeB":1,"after":2}
STEP b-new-tick-is-old-plus-1: PASS {"tipTickB":5,"lastTick":6,"dom":6}
STEP b-head-advanced: PASS {"headBeforeB":2,"headAfterB":3}
STEP b-new-node-is-advancetime: PASS "core.AdvanceTime"
STEP c-node-plus-one: PASS {"nodesBeforeC":2,"after":3}
STEP c-new-tick-is-old-plus-100: PASS {"tipTickC":6,"apiLastTick":106,"domLastTick":106}
STEP c-head-advanced: PASS {"headBeforeC":3,"headAfterC":4}
STEP c-status-shows-100: PASS "已推进 100 tick（6 → 106）"
STEP d-invalid-0-message: PASS {"value":"0","enabled":true,"status":"推进步数必须是 ≥1 的整数（当前：0）"}
STEP d-invalid-0-no-write: PASS {"nonGetBefore":3,"nonGetAfter":3}
STEP d-invalid-0-state-unchanged: PASS {"nodesBefore":3,"nodesAfter":3,"headBefore":4,"headAfter":4}
STEP d-invalid--5-message: PASS {"value":"-5","enabled":true,"status":"推进步数必须是 ≥1 的整数（当前：-5）"}
STEP d-invalid--5-no-write: PASS {"nonGetBefore":3,"nonGetAfter":3}
STEP d-invalid--5-state-unchanged: PASS {"nodesBefore":3,"nodesAfter":3,"headBefore":4,"headAfter":4}
STEP d-invalid-abc-message: PASS {"value":"abc","enabled":true,"status":"推进步数必须是 ≥1 的整数（当前：空）"}
STEP d-invalid-abc-no-write: PASS {"nonGetBefore":3,"nonGetAfter":3}
STEP d-invalid-abc-state-unchanged: PASS {"nodesBefore":3,"nodesAfter":3,"headBefore":4,"headAfter":4}
STEP e-branch-created: PASS {"branchE":"b2"}
STEP e-fork-aligned: PASS {"parentTick":106,"parentStyleLeft":"292px","childStyleLeft":"292px","parentCenterX":323,"childCenterX":323}
STEP e-child-tick-matches-parent: PASS {"tipTickE":106,"childTick":106}
STEP e-one-line-per-branch: PASS {"linesE":2}
STEP e-fork-link-present: PASS {"linksE":1}
STEP f-r2-advance-disabled-off-tip: PASS {"disabledMiddleCreate":true,"midRevF":2}
STEP f-r2-fork-disabled-off-tip: PASS {"disabledMiddleFork":true}
STEP f-tick5-cursor-is-last-revision: PASS {"midRevF":2,"tick5LastRevision":2}
STEP f-knob-visible: PASS {"x":96,"y":1019,"width":14,"height":14}
STEP f-r1-drag-changes-rev: PASS {"midRevF":2,"mainHeadF":4,"revAfterDrag":4}
STEP f-r1-drag-no-write: PASS {"nonGetBeforeDrag":4,"nonGetAfterDrag":4}
STEP f-r2-advance-enabled-at-tip: PASS {"disabledTipCreate":false}
STEP f-r2-fork-enabled-at-tip: PASS {"disabledTipFork":false}
STEP f-active-node-at-tip: PASS "tick 106· AdvanceTime"
NON_GET_LIST=["/api/command","/api/advance","/api/advance","/api/fork"]
STEP g-nonget-allowlist: PASS {"list":["/api/command","/api/advance","/api/advance","/api/fork"],"violations":[]}
STEP g-command-present: PASS ["/api/command","/api/advance","/api/advance","/api/fork"]
STEP g-advance-present: PASS ["/api/command","/api/advance","/api/advance","/api/fork"]
STEP g-fork-present: PASS ["/api/command","/api/advance","/api/advance","/api/fork"]
STEP f-no-page-errors: PASS []
E2E RESULT: PASS
e2e_rc=0
