webui_synced map.js_md5=5c1b90ff1b2fefd783626ddf3ada849f
store_src_md5_before=2348b9365e5b107945a305d06fad8fab
server_ready_tries=3 code=200 pid=464247
STEP pre-real-archive: PASS {"hexCount":19441,"regions":["test_annex_target","test_nation"],"blockCount":44}
STEP pre-m9-blocks: PASS {"blockCount":44,"unmergedCount":0}
STEP f1-no-draw-toggle-no-checkbox: PASS {"mode":"region-edit","drawTogglePresent":false,"checkboxesInSection":0,"whitelist":{"create":true,"update":true,"del":true,"terrain":false}}
STEP f2-region-edit-whitelist: PASS {"create":true,"update":true,"del":true,"terrain":false}
STEP a0-lasso-center-found: PASS {"q":-16,"r":0}
STEP a1-lasso-one-command-head-plus-one: FAIL {"center":{"q":-16,"r":0},"ringCount":12,"wallCount":12,"lassoActiveMid":true,"expectedCount":19,"payloadCount":null,"payloadMatchesIndependentFlood":false,"apiHexCount":0,"apiMatchesPayload":false,"headBefore":1,"headAfter":1,"posts":0,"regionId":null}
STEP a2-lasso-hexes-equal-independent-flood: FAIL payload=null independent=19
STEP a3-lasso-api-matches-payload: PASS api=0
STEP h1-overlap-allowed: FAIL {"q":-16,"r":0,"regions":["test_annex_target","test_nation"]}
STEP b1-dots-match-boundary: FAIL skipped: m8r_lasso 未创建
STEP c1-dot-drag-add-one-update: FAIL skipped: m8r_lasso 未创建
STEP c3-dot-drag-remove-one-update: FAIL skipped: m8r_lasso 未创建
STEP d1-merge-equals-union: FAIL skipped: m8r_lasso 未创建
STEP e1-exclude-equals-difference: FAIL skipped: m8r_lasso 未创建
STEP g1-region-edit-right-is-lasso: FAIL skipped: m8r_lasso 未创建
STEP h2-delete-confirm-two-step: FAIL skipped: m8r_lasso 未创建
STEP h3-focus-fade-colors: FAIL skipped: m8r_lasso 未创建
STEP h4-m9-blocks-and-pick: FAIL skipped: m8r_lasso 未创建
E2E RESULT: 12 FAIL a1-lasso-one-command-head-plus-one,a2-lasso-hexes-equal-independent-flood,h1-overlap-allowed,b1-dots-match-boundary,c1-dot-drag-add-one-update,c3-dot-drag-remove-one-update,d1-merge-equals-union,e1-exclude-equals-difference,g1-region-edit-right-is-lasso,h2-delete-confirm-two-step,h3-focus-fade-colors,h4-m9-blocks-and-pick
e2e_rc=1
store_src_md5_after=2348b9365e5b107945a305d06fad8fab
