server_ready_tries=3 code=200 pid=318815
STEP a-canvas-covers-viewport: PASS {"vp0":{"w":1024,"h":700},"cbox":{"x":0,"y":0,"width":1024,"height":700}}
STEP a-canvas-no-box: PASS {"border":"0px","radius":"0px","mountPos":"fixed","canvasW":1024,"canvasH":700,"dpr":1}
STEP a-canvas-dpr-sharp: PASS {"canvasW":1024,"expectW":1024,"dpr":1}
STEP b-mode-bar-above-canvas: PASS {"found":true,"x":362.0234375,"y":47,"hitTag":"NAV","hitId":"mode-bar","hitInControl":true,"hitIsCanvas":false}
STEP b-timeline-above-canvas: PASS {"found":true,"x":512,"y":665.5,"hitTag":"BUTTON","hitId":"timeline-fork","hitInControl":true,"hitIsCanvas":false}
STEP b-left-panel-above-canvas: PASS {"found":true,"x":162,"y":348.75,"hitTag":"SECTION","hitId":"left-panel","hitInControl":true,"hitIsCanvas":false}
STEP b-right-panel-above-canvas: PASS {"found":true,"x":862,"y":348.75,"hitTag":"SECTION","hitId":"right-panel","hitInControl":true,"hitIsCanvas":false}
STEP c-outside-is-canvas: PASS {"p12c":{"x":512,"y":350},"outsideInfo":{"tag":"CANVAS","id":"canvas","isCanvas":true}}
STEP c-map-outside-selects: PASS {"kind":"hex","q":1,"r":2}
STEP c-panel-hit-is-control: PASS {"found":true,"x":162,"y":131.25,"hitTag":"H2","hitId":"","hitInControl":true,"hitIsCanvas":false}
STEP c-panel-no-passthrough-selection: PASS {"selBeforeC":{"kind":"hex","q":1,"r":2},"selAfterC":{"kind":"hex","q":1,"r":2}}
STEP c-panel-no-passthrough-nowrite: PASS {"nonGetBeforeC":0,"nonGetAfterC":0}
STEP d-unit-selected: PASS {"kind":"unit","id":"u-1"}
STEP d-timeline-visible: PASS {"vpD":{"w":1024,"h":700},"barBoxD":{"x":0,"y":631,"width":1024,"height":69}}
STEP d-left-panel-scrolls: PASS {"scrollHeight":1501,"clientHeight":486,"overflowY":"auto"}
STEP d-timeline-not-pushed: PASS {"barBoxD":{"x":0,"y":631,"width":1024,"height":69},"barBoxD2":{"x":0,"y":631,"width":1024,"height":69}}
STEP d-left-collapse: PASS {"leftHidden":true,"leftBtn":{"text":"展开左栏","pressed":"true"}}
STEP d-canvas-after-collapse: PASS {"x":0,"y":0,"width":1024,"height":700}
STEP d-left-expand: PASS {"leftShown":true}
STEP e-anchor-is-canvas: PASS {"anchor":{"x":512,"y":350},"anchorInfo":{"tag":"CANVAS","id":"canvas","isCanvas":true}}
STEP e-zoom-pan-changed-view: PASS {"v0":{"scale":3.2110091743119265,"tx":133.8090897234929,"ty":22.47706422018348},"v1":{"scale":7.146232339195997,"tx":-209.67934960418927,"ty":-298.91569859799176}}
STEP e-resize-keeps-view: PASS {"v1":{"scale":7.146232339195997,"tx":-209.67934960418927,"ty":-298.91569859799176},"v2":{"scale":7.146232339195997,"tx":-209.67934960418927,"ty":-298.91569859799176}}
STEP e-canvas-covers-after-resize: PASS {"vpE":{"w":864,"h":610},"cboxE":{"x":0,"y":0,"width":864,"height":610}}
STEP f-reset-to-fit: PASS {"expectedF":{"scale":2.7981651376146788,"tx":102.43363533047238,"ty":19.58715596330279},"vAfterReset":{"scale":2.7981651376146788,"tx":102.43363533047238,"ty":19.58715596330279}}
STEP f-reset-changed-view: PASS {"vBeforeReset":{"scale":7.146232339195997,"tx":-209.67934960418927,"ty":-298.91569859799176},"vAfterReset":{"scale":2.7981651376146788,"tx":102.43363533047238,"ty":19.58715596330279}}
STEP f-home-reset: PASS {"expectedF":{"scale":2.7981651376146788,"tx":102.43363533047238,"ty":19.58715596330279},"vZoomF":{"scale":4.522043052007637,"tx":-100.60376576619194,"ty":-156.24839130477892},"vHomeF":{"scale":2.7981651376146788,"tx":102.43363533047238,"ty":19.58715596330279}}
STEP g-blank-point-found: PASS {"x":340,"y":110}
STEP g-blank-clears-selection: PASS {"selCleared":null}
STEP g-leftclick-selects: PASS {"kind":"unit","id":"u-1"}
STEP g-leftclick-select-no-write: PASS {"nonGetAfterClear":0,"nonGetAfterSelect":0}
STEP g-route-created: PASS {"headBeforeRoute":1,"headAfterRoute":2,"routeCount":1}
STEP g-rightblank-clears-selection: PASS {"selBlank":null}
STEP g-rightblank-keeps-route: PASS {"routeCount":1}
STEP g-rightblank-no-write: PASS {"nonGetBeforeBlank":1,"nonGetAfterBlank":1}
STEP g-leftclick1-selects: PASS {"kind":"unit","id":"u-1"}
STEP g-leftclick1-keeps-route: PASS {"routeCount":1,"nonGetAfterBlank":1,"nonGetAfterFirst":1}
STEP g-leftclick2-cancels-movement: PASS {"routeCount":0,"headBeforeCancel":2,"headAfterCancel":3}
STEP g-route-no-new-node: PASS {"nodesBefore":1,"nodesAfter":1,"apiBefore":[5],"apiAfter":[5]}
STEP g-route-detail-plus-one: PASS {"before":{"tick":5,"revision":3,"firstRevision":1,"count":3,"commands":"core.Bootstrap,unit.PlanRoute,unit.CancelRoute","centerX":103},"after":{"tick":5,"revision":4,"firstRevision":1,"count":4,"commands":"core.Bootstrap,unit.PlanRoute,unit.CancelRoute,unit.PlanRoute","centerX":103}}
STEP g-advance-3-tick: PASS {"tipG5":5,"apiLastTick":8,"domLastTick":8}
STEP g-advance-3-node-plus-one: PASS {"nodesAfterG5":1,"nodesAfterAdv":2,"headBeforeAdv":4,"headAfterAdv":5}
STEP g-knob-cursor-moved-off-tip: PASS {"midRevG6":4,"headG6":5}
STEP g-knob-visible: PASS {"x":96,"y":659,"width":14,"height":14}
STEP g-knob-drag-to-tip: PASS {"midRevG6":4,"headG6":5,"revBackG6":5}
STEP g-zoom-anchor-is-canvas: PASS {"tag":"CANVAS","id":"canvas","isCanvas":true}
STEP g-t4-target-is-canvas: PASS {"p12":{"x":512,"y":349.9999999999999},"info12":{"tag":"CANVAS","id":"canvas","isCanvas":true}}
STEP g-t4-click-accurate: PASS {"p12":{"x":512,"y":349.9999999999999},"selT4":{"kind":"hex","q":1,"r":2}}
NON_GET_LIST=["/api/command","/api/command","/api/command","/api/advance"]
STEP h-nonget-allowlist: PASS {"list":["/api/command","/api/command","/api/command","/api/advance"],"violations":[]}
STEP h-command-present: PASS ["/api/command","/api/command","/api/command","/api/advance"]
STEP h-no-page-errors: PASS []
E2E RESULT: PASS
e2e_rc=0
