[INFO] Scanning for projects...
[INFO] ------------------------------------------------------------------------
[INFO] Reactor Build Order:
[INFO] 
[INFO] SimulatorMosire                                                    [pom]
[INFO] UtilSimos                                                          [jar]
[INFO] MapSimos                                                           [jar]
[INFO] UnitSimos                                                          [jar]
[INFO] 
[INFO] -----------------------< io.mosire:simos-parent >-----------------------
[INFO] Building SimulatorMosire 0.1.0-SNAPSHOT                            [1/4]
[INFO]   from pom.xml
[INFO] --------------------------------[ pom ]---------------------------------
[INFO] 
[INFO] --- enforcer:3.6.3:enforce (enforce-java-and-maven) @ simos-parent ---
[INFO] Rule 0: org.apache.maven.enforcer.rules.version.RequireJavaVersion passed
[INFO] Rule 1: org.apache.maven.enforcer.rules.version.RequireMavenVersion passed
[INFO] 
[INFO] --- checkstyle:3.6.0:check (checkstyle-check) @ simos-parent ---
[INFO] Starting audit...
Audit done.
[INFO] You have 0 Checkstyle violations.
[INFO] 
[INFO] ------------------------< io.mosire:simos-util >------------------------
[INFO] Building UtilSimos 0.1.0-SNAPSHOT                                  [2/4]
[INFO]   from simos-util/pom.xml
[INFO] --------------------------------[ jar ]---------------------------------
[INFO] 
[INFO] --- enforcer:3.6.3:enforce (enforce-java-and-maven) @ simos-util ---
[INFO] 
[INFO] --- enforcer:3.6.3:enforce (enforce-module-boundaries) @ simos-util ---
[INFO] Rule 0: org.apache.maven.enforcer.rules.dependency.BannedDependencies passed
[INFO] 
[INFO] --- checkstyle:3.6.0:check (checkstyle-check) @ simos-util ---
[INFO] Starting audit...
Audit done.
[INFO] You have 0 Checkstyle violations.
[INFO] 
[INFO] --- resources:3.4.0:resources (default-resources) @ simos-util ---
[INFO] skip non existing resourceDirectory /home/cna/SimulatorMosire/simos-util/src/main/resources
[INFO] 
[INFO] --- compiler:3.16.0:compile (default-compile) @ simos-util ---
[INFO] Nothing to compile - all classes are up to date.
[INFO] 
[INFO] --- resources:3.4.0:testResources (default-testResources) @ simos-util ---
[INFO] skip non existing resourceDirectory /home/cna/SimulatorMosire/simos-util/src/test/resources
[INFO] 
[INFO] --- compiler:3.16.0:testCompile (default-testCompile) @ simos-util ---
[INFO] Nothing to compile - all classes are up to date.
[INFO] 
[INFO] --- surefire:3.6.0:test (default-test) @ simos-util ---
[INFO] 
[INFO] ------------------------< io.mosire:simos-map >-------------------------
[INFO] Building MapSimos 0.1.0-SNAPSHOT                                   [3/4]
[INFO]   from simos-map/pom.xml
[INFO] --------------------------------[ jar ]---------------------------------
[INFO] 
[INFO] --- enforcer:3.6.3:enforce (enforce-java-and-maven) @ simos-map ---
[INFO] 
[INFO] --- enforcer:3.6.3:enforce (enforce-module-boundaries) @ simos-map ---
[INFO] Rule 0: org.apache.maven.enforcer.rules.dependency.BannedDependencies passed
[INFO] 
[INFO] --- checkstyle:3.6.0:check (checkstyle-check) @ simos-map ---
[INFO] Starting audit...
Audit done.
[INFO] You have 0 Checkstyle violations.
[INFO] 
[INFO] --- resources:3.4.0:resources (default-resources) @ simos-map ---
[INFO] skip non existing resourceDirectory /home/cna/SimulatorMosire/simos-map/src/main/resources
[INFO] 
[INFO] --- compiler:3.16.0:compile (default-compile) @ simos-map ---
[INFO] Recompiling the module because of changed dependency.
[INFO] Compiling 33 source files with javac [debug release 21] to target/classes
[INFO] 
[INFO] --- resources:3.4.0:testResources (default-testResources) @ simos-map ---
[INFO] skip non existing resourceDirectory /home/cna/SimulatorMosire/simos-map/src/test/resources
[INFO] 
[INFO] --- compiler:3.16.0:testCompile (default-testCompile) @ simos-map ---
[INFO] Recompiling the module because of changed dependency.
[INFO] Compiling 26 source files with javac [debug release 21] to target/test-classes
[INFO] 
[INFO] --- surefire:3.6.0:test (default-test) @ simos-map ---
[INFO] 
[INFO] ------------------------< io.mosire:simos-unit >------------------------
[INFO] Building UnitSimos 0.1.0-SNAPSHOT                                  [4/4]
[INFO]   from simos-unit/pom.xml
[INFO] --------------------------------[ jar ]---------------------------------
[INFO] 
[INFO] --- enforcer:3.6.3:enforce (enforce-java-and-maven) @ simos-unit ---
[INFO] 
[INFO] --- enforcer:3.6.3:enforce (enforce-module-boundaries) @ simos-unit ---
[INFO] Rule 0: org.apache.maven.enforcer.rules.dependency.BannedDependencies passed
[INFO] 
[INFO] --- checkstyle:3.6.0:check (checkstyle-check) @ simos-unit ---
[INFO] Starting audit...
Audit done.
[INFO] You have 0 Checkstyle violations.
[INFO] 
[INFO] --- resources:3.4.0:resources (default-resources) @ simos-unit ---
[INFO] skip non existing resourceDirectory /home/cna/SimulatorMosire/simos-unit/src/main/resources
[INFO] 
[INFO] --- compiler:3.16.0:compile (default-compile) @ simos-unit ---
[INFO] Recompiling the module because of changed dependency.
[INFO] Compiling 16 source files with javac [debug release 21] to target/classes
[INFO] 
[INFO] --- resources:3.4.0:testResources (default-testResources) @ simos-unit ---
[INFO] skip non existing resourceDirectory /home/cna/SimulatorMosire/simos-unit/src/test/resources
[INFO] 
[INFO] --- compiler:3.16.0:testCompile (default-testCompile) @ simos-unit ---
[INFO] Recompiling the module because of changed dependency.
[INFO] Compiling 11 source files with javac [debug release 21] to target/test-classes
[INFO] 
[INFO] --- surefire:3.6.0:test (default-test) @ simos-unit ---
[INFO] Using auto detected provider org.apache.maven.surefire.junitplatform.JUnitPlatformProvider
[INFO] 
[INFO] -------------------------------------------------------
[INFO]  T E S T S
[INFO] -------------------------------------------------------
[INFO] Running io.mosire.simos.unit.resolve.UnitResolverTest
[INFO] Tests run: 9, Failures: 0, Errors: 0, Skipped: 0, Time elapsed: 0.059 s -- in io.mosire.simos.unit.resolve.UnitResolverTest
[INFO] 
[INFO] Results:
[INFO] 
[INFO] Tests run: 9, Failures: 0, Errors: 0, Skipped: 0
[INFO] 
[INFO] ------------------------------------------------------------------------
[INFO] Reactor Summary for SimulatorMosire 0.1.0-SNAPSHOT:
[INFO] 
[INFO] SimulatorMosire .................................... SUCCESS [  0.464 s]
[INFO] UtilSimos .......................................... SUCCESS [  0.230 s]
[INFO] MapSimos ........................................... SUCCESS [  1.213 s]
[INFO] UnitSimos .......................................... SUCCESS [  0.685 s]
[INFO] ------------------------------------------------------------------------
[INFO] BUILD SUCCESS
[INFO] ------------------------------------------------------------------------
[INFO] Total time:  2.665 s
[INFO] Finished at: 2026-09-18T02:47:02+08:00
[INFO] ------------------------------------------------------------------------
