[INFO] Scanning for projects...
[INFO] ------------------------------------------------------------------------
[INFO] Reactor Build Order:
[INFO] 
[INFO] SimulatorMosire                                                    [pom]
[INFO] UtilSimos                                                          [jar]
[INFO] MapSimos                                                           [jar]
[INFO] SocialSimos                                                        [jar]
[INFO] UnitSimos                                                          [jar]
[INFO] CoreSimos                                                          [jar]
[INFO] 
[INFO] -----------------------< io.mosire:simos-parent >-----------------------
[INFO] Building SimulatorMosire 0.1.0-SNAPSHOT                            [1/6]
[INFO]   from pom.xml
[INFO] --------------------------------[ pom ]---------------------------------
[INFO] 
[INFO] --- enforcer:3.6.3:enforce (enforce-java-and-maven) @ simos-parent ---
[INFO] Rule 0: org.apache.maven.enforcer.rules.version.RequireJavaVersion passed
[INFO] Rule 1: org.apache.maven.enforcer.rules.version.RequireMavenVersion passed
[INFO] 
[INFO] --- checkstyle:3.6.0:check (checkstyle-check) @ simos-parent ---
[INFO] Starting audit...
Audit done.
[INFO] You have 0 Checkstyle violations.
[INFO] 
[INFO] ------------------------< io.mosire:simos-util >------------------------
[INFO] Building UtilSimos 0.1.0-SNAPSHOT                                  [2/6]
[INFO]   from simos-util/pom.xml
[INFO] --------------------------------[ jar ]---------------------------------
[INFO] 
[INFO] --- enforcer:3.6.3:enforce (enforce-java-and-maven) @ simos-util ---
[INFO] 
[INFO] --- enforcer:3.6.3:enforce (enforce-module-boundaries) @ simos-util ---
[INFO] Rule 0: org.apache.maven.enforcer.rules.dependency.BannedDependencies passed
[INFO] 
[INFO] --- checkstyle:3.6.0:check (checkstyle-check) @ simos-util ---
[INFO] Starting audit...
Audit done.
[INFO] You have 0 Checkstyle violations.
[INFO] 
[INFO] --- resources:3.4.0:resources (default-resources) @ simos-util ---
[INFO] skip non existing resourceDirectory /home/dev/SimulatorMosire/simos-util/src/main/resources
[INFO] 
[INFO] --- compiler:3.16.0:compile (default-compile) @ simos-util ---
[INFO] Nothing to compile - all classes are up to date.
[INFO] 
[INFO] --- resources:3.4.0:testResources (default-testResources) @ simos-util ---
[INFO] skip non existing resourceDirectory /home/dev/SimulatorMosire/simos-util/src/test/resources
[INFO] 
[INFO] --- compiler:3.16.0:testCompile (default-testCompile) @ simos-util ---
[INFO] Nothing to compile - all classes are up to date.
[INFO] 
[INFO] --- surefire:3.6.0:test (default-test) @ simos-util ---
[INFO] 
[INFO] ------------------------< io.mosire:simos-map >-------------------------
[INFO] Building MapSimos 0.1.0-SNAPSHOT                                   [3/6]
[INFO]   from simos-map/pom.xml
[INFO] --------------------------------[ jar ]---------------------------------
[INFO] 
[INFO] --- enforcer:3.6.3:enforce (enforce-java-and-maven) @ simos-map ---
[INFO] 
[INFO] --- enforcer:3.6.3:enforce (enforce-module-boundaries) @ simos-map ---
[INFO] Rule 0: org.apache.maven.enforcer.rules.dependency.BannedDependencies passed
[INFO] 
[INFO] --- checkstyle:3.6.0:check (checkstyle-check) @ simos-map ---
[INFO] Starting audit...
Audit done.
[INFO] You have 0 Checkstyle violations.
[INFO] 
[INFO] --- resources:3.4.0:resources (default-resources) @ simos-map ---
[INFO] skip non existing resourceDirectory /home/dev/SimulatorMosire/simos-map/src/main/resources
[INFO] 
[INFO] --- compiler:3.16.0:compile (default-compile) @ simos-map ---
[INFO] Nothing to compile - all classes are up to date.
[INFO] 
[INFO] --- resources:3.4.0:testResources (default-testResources) @ simos-map ---
[INFO] skip non existing resourceDirectory /home/dev/SimulatorMosire/simos-map/src/test/resources
[INFO] 
[INFO] --- compiler:3.16.0:testCompile (default-testCompile) @ simos-map ---
[INFO] Nothing to compile - all classes are up to date.
[INFO] 
[INFO] --- surefire:3.6.0:test (default-test) @ simos-map ---
[INFO] 
[INFO] -----------------------< io.mosire:simos-social >-----------------------
[INFO] Building SocialSimos 0.1.0-SNAPSHOT                                [4/6]
[INFO]   from simos-social/pom.xml
[INFO] --------------------------------[ jar ]---------------------------------
[INFO] 
[INFO] --- enforcer:3.6.3:enforce (enforce-java-and-maven) @ simos-social ---
[INFO] 
[INFO] --- enforcer:3.6.3:enforce (enforce-module-boundaries) @ simos-social ---
[INFO] Rule 0: org.apache.maven.enforcer.rules.dependency.BannedDependencies passed
[INFO] 
[INFO] --- checkstyle:3.6.0:check (checkstyle-check) @ simos-social ---
[INFO] Starting audit...
Audit done.
[INFO] You have 0 Checkstyle violations.
[INFO] 
[INFO] --- resources:3.4.0:resources (default-resources) @ simos-social ---
[INFO] skip non existing resourceDirectory /home/dev/SimulatorMosire/simos-social/src/main/resources
[INFO] 
[INFO] --- compiler:3.16.0:compile (default-compile) @ simos-social ---
[INFO] Nothing to compile - all classes are up to date.
[INFO] 
[INFO] --- resources:3.4.0:testResources (default-testResources) @ simos-social ---
[INFO] skip non existing resourceDirectory /home/dev/SimulatorMosire/simos-social/src/test/resources
[INFO] 
[INFO] --- compiler:3.16.0:testCompile (default-testCompile) @ simos-social ---
[INFO] Nothing to compile - all classes are up to date.
[INFO] 
[INFO] --- surefire:3.6.0:test (default-test) @ simos-social ---
[INFO] 
[INFO] ------------------------< io.mosire:simos-unit >------------------------
[INFO] Building UnitSimos 0.1.0-SNAPSHOT                                  [5/6]
[INFO]   from simos-unit/pom.xml
[INFO] --------------------------------[ jar ]---------------------------------
[INFO] 
[INFO] --- enforcer:3.6.3:enforce (enforce-java-and-maven) @ simos-unit ---
[INFO] 
[INFO] --- enforcer:3.6.3:enforce (enforce-module-boundaries) @ simos-unit ---
[INFO] Rule 0: org.apache.maven.enforcer.rules.dependency.BannedDependencies passed
[INFO] 
[INFO] --- checkstyle:3.6.0:check (checkstyle-check) @ simos-unit ---
[INFO] Starting audit...
Audit done.
[INFO] You have 0 Checkstyle violations.
[INFO] 
[INFO] --- resources:3.4.0:resources (default-resources) @ simos-unit ---
[INFO] skip non existing resourceDirectory /home/dev/SimulatorMosire/simos-unit/src/main/resources
[INFO] 
[INFO] --- compiler:3.16.0:compile (default-compile) @ simos-unit ---
[INFO] Nothing to compile - all classes are up to date.
[INFO] 
[INFO] --- resources:3.4.0:testResources (default-testResources) @ simos-unit ---
[INFO] skip non existing resourceDirectory /home/dev/SimulatorMosire/simos-unit/src/test/resources
[INFO] 
[INFO] --- compiler:3.16.0:testCompile (default-testCompile) @ simos-unit ---
[INFO] Nothing to compile - all classes are up to date.
[INFO] 
[INFO] --- surefire:3.6.0:test (default-test) @ simos-unit ---
[INFO] 
[INFO] ------------------------< io.mosire:simos-core >------------------------
[INFO] Building CoreSimos 0.1.0-SNAPSHOT                                  [6/6]
[INFO]   from simos-core/pom.xml
[INFO] --------------------------------[ jar ]---------------------------------
[INFO] 
[INFO] --- enforcer:3.6.3:enforce (enforce-java-and-maven) @ simos-core ---
[INFO] 
[INFO] --- enforcer:3.6.3:enforce (enforce-core-boundaries) @ simos-core ---
[INFO] Rule 0: org.apache.maven.enforcer.rules.dependency.BannedDependencies passed
[INFO] 
[INFO] --- checkstyle:3.6.0:check (checkstyle-check) @ simos-core ---
[INFO] Starting audit...
Audit done.
[INFO] You have 0 Checkstyle violations.
[INFO] 
[INFO] --- resources:3.4.0:resources (default-resources) @ simos-core ---
[INFO] skip non existing resourceDirectory /home/dev/SimulatorMosire/simos-core/src/main/resources
[INFO] 
[INFO] --- compiler:3.16.0:compile (default-compile) @ simos-core ---
[INFO] Recompiling the module because of changed source code.
[INFO] Compiling 19 source files with javac [debug release 21] to target/classes
[INFO] Annotation processing is enabled because one or more processors were found
  on the class path. A future release of javac may disable annotation processing
  unless at least one processor is specified by name (-processor), or a search
  path is specified (--processor-path, --processor-module-path), or annotation
  processing is enabled explicitly (-proc:only, -proc:full).
  Use -Xlint:-options to suppress this message.
  Use -proc:none to disable annotation processing.
[INFO] org.pf4j.processor.ExtensionAnnotationProcessor init
[INFO] Options {}
[INFO] Processing @org.pf4j.Extension
[INFO] /home/dev/SimulatorMosire/simos-core/src/main/java/io/mosire/simos/core/store/Envelope.java: /home/dev/SimulatorMosire/simos-core/src/main/java/io/mosire/simos/core/store/Envelope.java uses or overrides a deprecated API.
[INFO] /home/dev/SimulatorMosire/simos-core/src/main/java/io/mosire/simos/core/store/Envelope.java: Recompile with -Xlint:deprecation for details.
[INFO] 
[INFO] --- resources:3.4.0:testResources (default-testResources) @ simos-core ---
[INFO] skip non existing resourceDirectory /home/dev/SimulatorMosire/simos-core/src/test/resources
[INFO] 
[INFO] --- compiler:3.16.0:testCompile (default-testCompile) @ simos-core ---
[INFO] Recompiling the module because of changed dependency.
[INFO] Compiling 17 source files with javac [debug release 21] to target/test-classes
[INFO] Annotation processing is enabled because one or more processors were found
  on the class path. A future release of javac may disable annotation processing
  unless at least one processor is specified by name (-processor), or a search
  path is specified (--processor-path, --processor-module-path), or annotation
  processing is enabled explicitly (-proc:only, -proc:full).
  Use -Xlint:-options to suppress this message.
  Use -proc:none to disable annotation processing.
[INFO] org.pf4j.processor.ExtensionAnnotationProcessor init
[INFO] Options {}
[INFO] Processing @org.pf4j.Extension
[INFO] 
[INFO] --- surefire:3.6.0:test (default-test) @ simos-core ---
[INFO] Using auto detected provider org.apache.maven.surefire.junitplatform.JUnitPlatformProvider
[INFO] 
[INFO] -------------------------------------------------------
[INFO]  T E S T S
[INFO] -------------------------------------------------------
[INFO] Running io.mosire.simos.core.observe.EventTypesTest
[INFO] Tests run: 6, Failures: 0, Errors: 0, Skipped: 0, Time elapsed: 0.661 s -- in io.mosire.simos.core.observe.EventTypesTest
[INFO] Running io.mosire.simos.core.observe.DigestTest
[INFO] Tests run: 6, Failures: 0, Errors: 0, Skipped: 0, Time elapsed: 0.253 s -- in io.mosire.simos.core.observe.DigestTest
[INFO] Running io.mosire.simos.core.command.CommandBusLoggingTest
2026-09-18T11:19:54.122708376Z main DEBUG 命令接收: type=unit.RenameUnit commandId=cmd-canary correlationId=corr-canary branch=main expectedRevision=1
2026-09-18T11:19:54.423177641Z main INFO 命令提交: type=unit.RenameUnit commandId=cmd-canary correlationId=corr-canary 新坐标=main@2
2026-09-18T11:19:54.557360218Z main DEBUG 命令接收: type=unit.RenameUnit commandId=cmd-c correlationId=corr-c branch=main expectedRevision=9
2026-09-18T11:19:54.577386751Z main INFO 命令冲突: type=unit.RenameUnit commandId=cmd-c correlationId=corr-c 真实head=main@1
2026-09-18T11:19:54.698016835Z main DEBUG 命令接收: type=unit.RenameUnit commandId=cmd-x correlationId=corr-x branch=main expectedRevision=1
2026-09-18T11:19:54.713263656Z main INFO 命令提交: type=unit.RenameUnit commandId=cmd-x correlationId=corr-x 新坐标=main@2
2026-09-18T11:19:54.772240864Z main DEBUG 命令接收: type=unit.RenameUnit commandId=cmd-ok correlationId=corr-ok branch=main expectedRevision=1
2026-09-18T11:19:54.783604259Z main INFO 命令提交: type=unit.RenameUnit commandId=cmd-ok correlationId=corr-ok 新坐标=main@2
2026-09-18T11:19:54.786392656Z main DEBUG 命令接收: type=unit.RenameUnit commandId=cmd-no correlationId=corr-no branch=main expectedRevision=2
2026-09-18T11:19:54.805300167Z main INFO 命令被拒: type=unit.RenameUnit commandId=cmd-no correlationId=corr-no 原因=领域侧不答应
2026-09-18T11:19:54.864437349Z main DEBUG 命令接收: type=unit.RenameUnit commandId=cmd-a correlationId=corr-a branch=main expectedRevision=1
2026-09-18T11:19:54.879708916Z main INFO 命令提交: type=unit.RenameUnit commandId=cmd-a correlationId=corr-a 新坐标=main@2
2026-09-18T11:19:54.881941247Z main DEBUG 命令接收: type=unit.NotRegistered commandId=cmd-b correlationId=corr-b branch=main expectedRevision=2
2026-09-18T11:19:54.892351230Z main INFO 命令被拒: type=unit.NotRegistered commandId=cmd-b correlationId=corr-b 原因=未注册的命令类型: unit.NotRegistered
2026-09-18T11:19:54.894956380Z main DEBUG 命令接收: type=unit.RenameUnit commandId=cmd-c correlationId=corr-c branch=main expectedRevision=9
2026-09-18T11:19:54.902768067Z main INFO 命令冲突: type=unit.RenameUnit commandId=cmd-c correlationId=corr-c 真实head=main@2
2026-09-18T11:19:54.960220379Z main DEBUG 命令接收: type=unit.RenameUnit commandId=cmd-a correlationId=corr-a branch=main expectedRevision=1
2026-09-18T11:19:54.974980520Z main INFO 命令提交: type=unit.RenameUnit commandId=cmd-a correlationId=corr-a 新坐标=main@2
2026-09-18T11:19:54.975984971Z main DEBUG 命令接收: type=unit.NotRegistered commandId=cmd-b correlationId=corr-b branch=main expectedRevision=2
2026-09-18T11:19:54.981470747Z main INFO 命令被拒: type=unit.NotRegistered commandId=cmd-b correlationId=corr-b 原因=未注册的命令类型: unit.NotRegistered
2026-09-18T11:19:54.983815442Z main DEBUG 命令接收: type=unit.RenameUnit commandId=cmd-c correlationId=corr-c branch=main expectedRevision=9
2026-09-18T11:19:54.995910939Z main INFO 命令冲突: type=unit.RenameUnit commandId=cmd-c correlationId=corr-c 真实head=main@2
[INFO] Tests run: 6, Failures: 0, Errors: 0, Skipped: 0, Time elapsed: 3.694 s -- in io.mosire.simos.core.command.CommandBusLoggingTest
[INFO] Running io.mosire.simos.core.command.CommandBusDispatchTest
[INFO] Tests run: 13, Failures: 0, Errors: 0, Skipped: 0, Time elapsed: 1.027 s -- in io.mosire.simos.core.command.CommandBusDispatchTest
[INFO] Running io.mosire.simos.core.command.CorrelationChainTest
[ERROR] Tests run: 6, Failures: 1, Errors: 0, Skipped: 0, Time elapsed: 0.507 s <<< FAILURE! -- in io.mosire.simos.core.command.CorrelationChainTest
[ERROR] io.mosire.simos.core.command.CorrelationChainTest.failedRevisionInsertLeavesNoEventRowsBehind -- Time elapsed: 0.112 s <<< FAILURE!
org.opentest4j.AssertionFailedError: 
[★ 事务回滚后**事件行一行不剩**。若留下了一条，说明事件写入不在 revision 的那个事务里] 
expected: 0L
 but was: 1L
	at io.mosire.simos.core.command.CorrelationChainTest.failedRevisionInsertLeavesNoEventRowsBehind(CorrelationChainTest.java:147)

[INFO] Running io.mosire.simos.core.command.OptimisticConcurrencyTest
[INFO] Tests run: 1, Failures: 0, Errors: 0, Skipped: 0, Time elapsed: 1.116 s -- in io.mosire.simos.core.command.OptimisticConcurrencyTest
[INFO] 
[INFO] Results:
[INFO] 
[ERROR] Failures: 
[ERROR]   CorrelationChainTest.failedRevisionInsertLeavesNoEventRowsBehind:147 [★ 事务回滚后**事件行一行不剩**。若留下了一条，说明事件写入不在 revision 的那个事务里] 
expected: 0L
 but was: 1L
[INFO] 
[ERROR] Tests run: 38, Failures: 1, Errors: 0, Skipped: 0
[INFO] 
[INFO] ------------------------------------------------------------------------
[INFO] Reactor Summary for SimulatorMosire 0.1.0-SNAPSHOT:
[INFO] 
[INFO] SimulatorMosire .................................... SUCCESS [  5.529 s]
[INFO] UtilSimos .......................................... SUCCESS [  2.346 s]
[INFO] MapSimos ........................................... SUCCESS [  0.362 s]
[INFO] SocialSimos ........................................ SUCCESS [  0.419 s]
[INFO] UnitSimos .......................................... SUCCESS [  0.244 s]
[INFO] CoreSimos .......................................... FAILURE [ 29.281 s]
[INFO] ------------------------------------------------------------------------
[INFO] BUILD FAILURE
[INFO] ------------------------------------------------------------------------
[INFO] Total time:  38.993 s
[INFO] Finished at: 2026-09-18T19:19:57+08:00
[INFO] ------------------------------------------------------------------------
[ERROR] Failed to execute goal org.apache.maven.plugins:maven-surefire-plugin:3.6.0:test (default-test) on project simos-core: There are test failures.
[ERROR] 
[ERROR] See /home/dev/SimulatorMosire/simos-core/target/surefire-reports for the individual test results.
[ERROR] See dump files (if any exist) [date].dump, [date]-jvmRun[N].dump and [date].dumpstream.
[ERROR] -> [Help 1]
[ERROR] 
[ERROR] To see the full stack trace of the errors, re-run Maven with the -e switch.
[ERROR] Re-run Maven using the -X switch to enable full debug logging.
[ERROR] 
[ERROR] For more information about the errors and possible solutions, please read the following articles:
[ERROR] [Help 1] http://cwiki.apache.org/confluence/display/MAVEN/MojoFailureException
[ERROR] 
[ERROR] After correcting the problems, you can resume the build with the command
[ERROR]   mvn <args> -rf :simos-core
