STEP a-canvas-covers-viewport: PASS {"vp0":{"w":1280,"h":800},"cbox":{"x":0,"y":0,"width":1280,"height":800}}
STEP a-canvas-no-box: PASS {"border":"0px","radius":"0px","mountPos":"fixed","canvasW":1280,"canvasH":800,"dpr":1}
STEP a-canvas-dpr-sharp: PASS {"canvasW":1280,"expectW":1280,"dpr":1}
STEP b-mode-bar-above-canvas: PASS {"found":true,"x":487.40625,"y":25.5,"hitTag":"BUTTON","hitId":"","hitInControl":true,"hitIsCanvas":false}
STEP b-timeline-above-canvas: PASS {"found":true,"x":640,"y":765.5,"hitTag":"BUTTON","hitId":"timeline-fork","hitInControl":true,"hitIsCanvas":false}
STEP b-left-panel-above-canvas: PASS {"found":true,"x":162,"y":377.25,"hitTag":"SECTION","hitId":"left-panel","hitInControl":true,"hitIsCanvas":false}
STEP b-right-panel-above-canvas: PASS {"found":true,"x":1118,"y":377.25,"hitTag":"SECTION","hitId":"right-panel","hitInControl":true,"hitIsCanvas":false}
STEP c-outside-is-canvas: PASS {"p12c":{"x":640,"y":400},"outsideInfo":{"tag":"CANVAS","id":"canvas","isCanvas":true}}
STEP c-map-outside-selects: PASS {"kind":"hex","q":1,"r":2}
STEP c-panel-hit-is-control: PASS {"found":true,"x":162,"y":88.25,"hitTag":"H2","hitId":"","hitInControl":true,"hitIsCanvas":false}
STEP c-panel-no-passthrough-selection: PASS {"selBeforeC":{"kind":"hex","q":1,"r":2},"selAfterC":{"kind":"hex","q":1,"r":2}}
STEP c-panel-no-passthrough-nowrite: PASS {"nonGetBeforeC":0,"nonGetAfterC":0}
STEP d-unit-selected: PASS {"kind":"unit","id":"u-1"}
STEP d-timeline-visible: PASS {"vpD":{"w":1280,"h":800},"barBoxD":{"x":0,"y":731,"width":1280,"height":69}}
STEP d-left-panel-scrolls: PASS {"scrollHeight":1501,"clientHeight":629,"overflowY":"auto"}
STEP d-timeline-not-pushed: PASS {"barBoxD":{"x":0,"y":731,"width":1280,"height":69},"barBoxD2":{"x":0,"y":731,"width":1280,"height":69}}
STEP d-left-collapse: PASS {"leftHidden":true,"leftBtn":{"text":"展开左栏","pressed":"true"}}
STEP d-canvas-after-collapse: PASS {"x":0,"y":0,"width":1280,"height":800}
STEP d-left-expand: PASS {"leftShown":true}
STEP e-anchor-is-canvas: PASS {"anchor":{"x":640,"y":400},"anchorInfo":{"tag":"CANVAS","id":"canvas","isCanvas":true}}
STEP e-zoom-pan-changed-view: PASS {"v0":{"scale":3.669724770642202,"tx":207.78181682684897,"ty":25.688073394495405},"v1":{"scale":8.167122673366855,"tx":-201.91925669050215,"ty":-353.0465126834192}}
STEP e-resize-keeps-view: PASS {"v1":{"scale":8.167122673366855,"tx":-201.91925669050215,"ty":-353.0465126834192},"v2":{"scale":8.167122673366855,"tx":-201.91925669050215,"ty":-353.0465126834192}}
STEP e-canvas-covers-after-resize: PASS {"vpE":{"w":1120,"h":710},"cboxE":{"x":0,"y":0,"width":1120,"height":710}}
STEP f-reset-to-fit: PASS {"expectedF":{"scale":3.256880733944954,"tx":176.40636243382846,"ty":22.798165137614717},"vAfterReset":{"scale":3.256880733944954,"tx":176.40636243382846,"ty":22.798165137614717}}
STEP f-reset-changed-view: PASS {"vBeforeReset":{"scale":8.167122673366855,"tx":-201.91925669050215,"ty":-353.0465126834192},"vAfterReset":{"scale":3.256880733944954,"tx":176.40636243382846,"ty":22.798165137614717}}
STEP f-home-reset: PASS {"expectedF":{"scale":3.256880733944954,"tx":176.40636243382846,"ty":22.798165137614717},"vZoomF":{"scale":5.2633615851236435,"tx":-59.91585851474815,"ty":-181.8628816826116},"vHomeF":{"scale":3.256880733944954,"tx":176.40636243382846,"ty":22.798165137614717}}
STEP g-blank-point-found: PASS {"x":340,"y":90}
STEP g-blank-clears-selection: PASS {"selCleared":null}
STEP g-leftclick-selects: PASS {"kind":"unit","id":"u-1"}
STEP g-leftclick-select-no-write: PASS {"nonGetAfterClear":0,"nonGetAfterSelect":0}
STEP g-route-created: PASS {"headBeforeRoute":1,"headAfterRoute":2,"routeCount":1}
STEP g-rightblank-clears-selection: PASS {"selBlank":null}
STEP g-rightblank-keeps-route: PASS {"routeCount":1}
STEP g-rightblank-no-write: PASS {"nonGetBeforeBlank":1,"nonGetAfterBlank":1}
STEP g-leftclick1-selects: PASS {"kind":"unit","id":"u-1"}
STEP g-leftclick1-keeps-route: PASS {"routeCount":1,"nonGetAfterBlank":1,"nonGetAfterFirst":1}
STEP g-leftclick2-cancels-movement: PASS {"routeCount":0,"headBeforeCancel":2,"headAfterCancel":3}
STEP g-route-no-new-node: PASS {"nodesBefore":1,"nodesAfter":1,"apiBefore":[5],"apiAfter":[5]}
STEP g-route-detail-plus-one: PASS {"before":{"tick":5,"revision":3,"firstRevision":1,"count":3,"commands":"core.Bootstrap,unit.PlanRoute,unit.CancelRoute","centerX":103},"after":{"tick":5,"revision":4,"firstRevision":1,"count":4,"commands":"core.Bootstrap,unit.PlanRoute,unit.CancelRoute,unit.PlanRoute","centerX":103}}
STEP g-advance-3-tick: PASS {"tipG5":5,"apiLastTick":8,"domLastTick":8}
STEP g-advance-3-node-plus-one: PASS {"nodesAfterG5":1,"nodesAfterAdv":2,"headBeforeAdv":4,"headAfterAdv":5}
STEP g-knob-cursor-moved-off-tip: PASS {"midRevG6":4,"headG6":5}
STEP g-knob-visible: PASS {"x":96,"y":759,"width":14,"height":14}
STEP g-knob-drag-to-tip: PASS {"midRevG6":4,"headG6":5,"revBackG6":5}
STEP g-zoom-anchor-is-canvas: PASS {"tag":"CANVAS","id":"canvas","isCanvas":true}
STEP g-t4-target-is-canvas: PASS {"p12":{"x":640,"y":400},"info12":{"tag":"CANVAS","id":"canvas","isCanvas":true}}
STEP g-t4-click-accurate: PASS {"p12":{"x":640,"y":400},"selT4":{"kind":"hex","q":1,"r":2}}
NON_GET_LIST=["/api/command","/api/command","/api/command","/api/advance"]
STEP h-nonget-allowlist: PASS {"list":["/api/command","/api/command","/api/command","/api/advance"],"violations":[]}
STEP h-command-present: PASS ["/api/command","/api/command","/api/command","/api/advance"]
STEP h-no-page-errors: PASS []
E2E RESULT: PASS
