=== MICRO JSON ===
{
  "label": "final",
  "base": "http://127.0.0.1:45911",
  "viewport": {
    "width": 1280,
    "height": 800
  },
  "startedAt": "2026-09-19T08:34:08.514Z",
  "ready": true,
  "debug": {
    "scale": 0.09666505558240696,
    "tx": 640,
    "ty": 400,
    "cellSize": 34,
    "hexCount": 19441,
    "unitCount": 0,
    "colorByTerrain": {
      "ocean": "#1F5FA0",
      "plains": "#9CCB5B",
      "low_hills": "#A8B36A",
      "mountains": "#7A7F85"
    },
    "fallbackColor": "#ff00ff",
    "fallbackWarned": false,
    "highlightHexCount": 0,
    "highlightColors": [],
    "regionFallbackColor": "#00e5ff",
    "regionFallbackWarned": false,
    "selected": null,
    "selectedUnit": null,
    "mode": "view",
    "isWorkbench": true,
    "terrainRebuilds": 2,
    "terrainBlits": 7,
    "borderDraws": 2,
    "legendScans": 2,
    "borderScreenPx": 3.2866118898018364,
    "terrainMode": "chunked",
    "routeCount": 0,
    "routes": []
  },
  "stages": {
    "visible": {
      "n": 7,
      "p50": 0.2,
      "p95": 0.37,
      "min": 0,
      "max": 0.4,
      "mean": 0.2,
      "samples": [
        0.3,
        0.2,
        0.2,
        0,
        0.1,
        0.4,
        0.2
      ]
    },
    "terrain": {
      "n": 7,
      "p50": 1410.5,
      "p95": 1415.58,
      "min": 1400.8,
      "max": 1415.7,
      "mean": 1409.5,
      "samples": [
        1413.9,
        1415.7,
        1410.5,
        1400.8,
        1402.3,
        1415.3,
        1408
      ]
    },
    "highlights": {
      "n": 7,
      "p50": 2,
      "p95": 3.1,
      "min": 1.7,
      "max": 3.4,
      "mean": 2.24,
      "samples": [
        1.7,
        2,
        2.4,
        2.3,
        2,
        3.4,
        1.9
      ]
    },
    "borders": {
      "n": 7,
      "p50": 28.2,
      "p95": 29.12,
      "min": 27.2,
      "max": 29.3,
      "mean": 28.17,
      "samples": [
        27.2,
        27.5,
        28.2,
        29.3,
        27.8,
        28.7,
        28.5
      ]
    },
    "cities": {
      "n": 7,
      "p50": 0,
      "p95": 0.07,
      "min": 0,
      "max": 0.1,
      "mean": 0.01,
      "samples": [
        0,
        0,
        0,
        0,
        0,
        0,
        0.1
      ]
    },
    "units": {
      "n": 7,
      "p50": 0,
      "p95": 0,
      "min": 0,
      "max": 0,
      "mean": 0,
      "samples": [
        0,
        0,
        0,
        0,
        0,
        0,
        0
      ]
    },
    "total": {
      "n": 7,
      "p50": 1434.5,
      "p95": 1443.86,
      "min": 1428.9,
      "max": 1445,
      "mean": 1436.07,
      "samples": [
        1441.2,
        1433.3,
        1435.3,
        1434.5,
        1428.9,
        1445,
        1434.3
      ]
    }
  },
  "variants": {
    "giant": {
      "n": 5,
      "p50": 1405.4,
      "p95": 1415.24,
      "min": 1400.8,
      "max": 1417.7,
      "mean": 1406.7,
      "samples": [
        1404.2,
        1400.8,
        1405.4,
        1405.4,
        1417.7
      ]
    },
    "chunked": {
      "n": 5,
      "p50": 23.5,
      "p95": 25.48,
      "min": 23.2,
      "max": 25.7,
      "mean": 24.06,
      "samples": [
        24.6,
        23.2,
        25.7,
        23.5,
        23.3
      ]
    },
    "perHex": {
      "n": 5,
      "p50": 44.9,
      "p95": 536.04,
      "min": 22.5,
      "max": 658.2,
      "mean": 163.24,
      "samples": [
        658.2,
        47.4,
        43.2,
        44.9,
        22.5
      ]
    }
  },
  "renderAfter": {
    "n": 7,
    "p50": 1438.4,
    "p95": 1443.99,
    "min": 1423.2,
    "max": 1445.7,
    "mean": 1434.73,
    "samples": [
      1440,
      1445.7,
      1439.5,
      1431.7,
      1424.6,
      1423.2,
      1438.4
    ]
  },
  "pageErrors": [],
  "fatal": null,
  "renderDefault": {
    "n": 7,
    "p50": 1.9,
    "p95": 2.17,
    "min": 1.4,
    "max": 2.2,
    "mean": 1.77,
    "samples": [
      1.9,
      1.4,
      1.4,
      1.5,
      1.9,
      2.2,
      2.1
    ]
  },
  "debugDefault": {
    "scale": 0.09666505558240696,
    "tx": 640,
    "ty": 400,
    "cellSize": 34,
    "hexCount": 19441,
    "unitCount": 0,
    "colorByTerrain": {
      "ocean": "#1F5FA0",
      "plains": "#9CCB5B",
      "low_hills": "#A8B36A",
      "mountains": "#7A7F85"
    },
    "fallbackColor": "#ff00ff",
    "fallbackWarned": false,
    "highlightHexCount": 0,
    "highlightColors": [],
    "regionFallbackColor": "#00e5ff",
    "regionFallbackWarned": false,
    "selected": null,
    "selectedUnit": null,
    "mode": "view",
    "isWorkbench": true,
    "terrainRebuilds": 2,
    "terrainBlits": 14,
    "borderDraws": 2,
    "legendScans": 2,
    "borderScreenPx": 3.2866118898018364,
    "terrainMode": "chunked",
    "routeCount": 0,
    "routes": []
  },
  "stagesChunked": {
    "visible": {
      "n": 7,
      "p50": 0.1,
      "p95": 0.41,
      "min": 0.1,
      "max": 0.5,
      "mean": 0.17,
      "samples": [
        0.5,
        0.1,
        0.1,
        0.1,
        0.1,
        0.1,
        0.2
      ]
    },
    "terrain": {
      "n": 7,
      "p50": 25.2,
      "p95": 26.77,
      "min": 24,
      "max": 26.8,
      "mean": 25.31,
      "samples": [
        24,
        25,
        25.2,
        26.7,
        24.2,
        26.8,
        25.3
      ]
    },
    "highlights": {
      "n": 7,
      "p50": 1.7,
      "p95": 2.15,
      "min": 1.4,
      "max": 2.3,
      "mean": 1.74,
      "samples": [
        1.8,
        1.5,
        2.3,
        1.8,
        1.4,
        1.7,
        1.7
      ]
    },
    "borders": {
      "n": 7,
      "p50": 29.3,
      "p95": 32.98,
      "min": 26.9,
      "max": 33.1,
      "mean": 29.73,
      "samples": [
        27.4,
        26.9,
        28.9,
        29.8,
        32.7,
        33.1,
        29.3
      ]
    },
    "cities": {
      "n": 7,
      "p50": 0,
      "p95": 0,
      "min": 0,
      "max": 0,
      "mean": 0,
      "samples": [
        0,
        0,
        0,
        0,
        0,
        0,
        0
      ]
    },
    "units": {
      "n": 7,
      "p50": 0,
      "p95": 0,
      "min": 0,
      "max": 0,
      "mean": 0,
      "samples": [
        0,
        0,
        0,
        0,
        0,
        0,
        0
      ]
    },
    "total": {
      "n": 7,
      "p50": 55.3,
      "p95": 59.07,
      "min": 54.4,
      "max": 59.7,
      "mean": 56.21,
      "samples": [
        55.3,
        54.4,
        54.7,
        57.1,
        59.7,
        57.6,
        54.7
      ]
    }
  },
  "renderNoCache": {
    "n": 7,
    "p50": 25.7,
    "p95": 26.98,
    "min": 24.3,
    "max": 27.1,
    "mean": 25.61,
    "samples": [
      27.1,
      25.8,
      24.3,
      25,
      26.7,
      24.7,
      25.7
    ]
  },
  "debugNoCache": {
    "scale": 0.09666505558240696,
    "tx": 640,
    "ty": 400,
    "cellSize": 34,
    "hexCount": 19441,
    "unitCount": 0,
    "colorByTerrain": {
      "ocean": "#1F5FA0",
      "plains": "#9CCB5B",
      "low_hills": "#A8B36A",
      "mountains": "#7A7F85"
    },
    "fallbackColor": "#ff00ff",
    "fallbackWarned": false,
    "highlightHexCount": 0,
    "highlightColors": [],
    "regionFallbackColor": "#00e5ff",
    "regionFallbackWarned": false,
    "selected": null,
    "selectedUnit": null,
    "mode": "view",
    "isWorkbench": true,
    "terrainRebuilds": 2,
    "terrainBlits": 14,
    "borderDraws": 16,
    "legendScans": 2,
    "borderScreenPx": 3.2866118898018364,
    "terrainMode": "chunked",
    "routeCount": 0,
    "routes": []
  },
  "borderVariants": {
    "giant": {
      "n": 5,
      "p50": 3593.8,
      "p95": 3603.66,
      "min": 3578.7,
      "max": 3604.2,
      "mean": 3592.6,
      "samples": [
        3601.5,
        3578.7,
        3593.8,
        3604.2,
        3584.8
      ]
    },
    "chunked64": {
      "n": 5,
      "p50": 27.1,
      "p95": 27.3,
      "min": 26.4,
      "max": 27.3,
      "mean": 27.02,
      "samples": [
        27.3,
        26.4,
        27.3,
        27,
        27.1
      ]
    },
    "chunked256": {
      "n": 5,
      "p50": 64.2,
      "p95": 65.46,
      "min": 63,
      "max": 65.7,
      "mean": 64.08,
      "samples": [
        63,
        64.2,
        65.7,
        64.5,
        63
      ]
    },
    "perHex": {
      "n": 5,
      "p50": 44.1,
      "p95": 138.52,
      "min": 21.2,
      "max": 161.2,
      "mean": 63.42,
      "samples": [
        161.2,
        47.8,
        21.2,
        42.8,
        44.1
      ]
    }
  },
  "chunkSweep": {
    "chunk32": {
      "n": 5,
      "p50": 23.8,
      "p95": 24.98,
      "min": 23.6,
      "max": 25.2,
      "mean": 24.1,
      "samples": [
        25.2,
        23.8,
        23.6,
        24.1,
        23.8
      ]
    },
    "chunk64": {
      "n": 5,
      "p50": 30.4,
      "p95": 34.08,
      "min": 28.2,
      "max": 34.5,
      "mean": 31,
      "samples": [
        34.5,
        32.4,
        29.5,
        30.4,
        28.2
      ]
    },
    "chunk128": {
      "n": 5,
      "p50": 40.8,
      "p95": 41.8,
      "min": 40,
      "max": 41.9,
      "mean": 40.96,
      "samples": [
        40,
        41.9,
        41.4,
        40.7,
        40.8
      ]
    },
    "chunk256": {
      "n": 5,
      "p50": 65,
      "p95": 65.84,
      "min": 63.8,
      "max": 65.9,
      "mean": 65,
      "samples": [
        65.9,
        65.6,
        63.8,
        64.7,
        65
      ]
    },
    "chunk512": {
      "n": 5,
      "p50": 110,
      "p95": 111.58,
      "min": 108.9,
      "max": 111.6,
      "mean": 110.34,
      "samples": [
        111.5,
        109.7,
        110,
        108.9,
        111.6
      ]
    }
  },
  "finishedAt": "2026-09-19T08:35:09.958Z"
}
