[old1] stage: goto-start
[old1] stage: goto-commit
[old1] evaluate did not return within 15s (main thread busy): evaluate-timeout
[old1] stage: ready
[old1] stage: load
[old1] stage: pan-start
[old1] stage: pan-end
[old1] stage: zoom-start
[old1] stage: zoom-end
[old1] stage: interactive-check
[old1] stage: done
=== BASELINE JSON ===
{
  "label": "old1",
  "base": "http://127.0.0.1:45911",
  "viewport": {
    "width": 1280,
    "height": 800
  },
  "chrome": "/home/cna/.cache/ms-playwright/chromium-1234/chrome-linux64/chrome",
  "playwrightVersion": "1.63.0",
  "startedAt": "2026-09-19T08:08:01.958Z",
  "requests": {
    "/": {
      "count": 1,
      "method": "GET",
      "resourceType": "document",
      "status": 200,
      "contentLengthHeader": "6796",
      "contentEncoding": null,
      "bodyBytes": 6796,
      "contentType": "text/html; charset=utf-8"
    },
    "/styles.css": {
      "count": 1,
      "method": "GET",
      "resourceType": "stylesheet",
      "status": 200,
      "contentLengthHeader": "18345",
      "contentEncoding": null,
      "bodyBytes": 18345,
      "contentType": "text/css; charset=utf-8"
    },
    "/api.js": {
      "count": 1,
      "method": "GET",
      "resourceType": "script",
      "status": 200,
      "contentLengthHeader": "5992",
      "contentEncoding": null,
      "bodyBytes": 5992,
      "contentType": "text/javascript; charset=utf-8"
    },
    "/app.js": {
      "count": 1,
      "method": "GET",
      "resourceType": "script",
      "status": 200,
      "contentLengthHeader": "13645",
      "contentEncoding": null,
      "bodyBytes": 13645,
      "contentType": "text/javascript; charset=utf-8"
    },
    "/panels.js": {
      "count": 1,
      "method": "GET",
      "resourceType": "script",
      "status": 200,
      "contentLengthHeader": "17573",
      "contentEncoding": null,
      "bodyBytes": 17573,
      "contentType": "text/javascript; charset=utf-8"
    },
    "/unitTree.js": {
      "count": 1,
      "method": "GET",
      "resourceType": "script",
      "status": 200,
      "contentLengthHeader": "10354",
      "contentEncoding": null,
      "bodyBytes": 10354,
      "contentType": "text/javascript; charset=utf-8"
    },
    "/timeline.js": {
      "count": 1,
      "method": "GET",
      "resourceType": "script",
      "status": 200,
      "contentLengthHeader": "27312",
      "contentEncoding": null,
      "bodyBytes": 27312,
      "contentType": "text/javascript; charset=utf-8"
    },
    "/map.js": {
      "count": 1,
      "method": "GET",
      "resourceType": "script",
      "status": 200,
      "contentLengthHeader": "56023",
      "contentEncoding": null,
      "bodyBytes": 56023,
      "contentType": "text/javascript; charset=utf-8"
    },
    "/api/state": {
      "count": 16,
      "method": "GET",
      "resourceType": "fetch",
      "status": 200,
      "contentLengthHeader": "122",
      "contentEncoding": null,
      "bodyBytes": 122,
      "contentType": "application/json; charset=utf-8"
    },
    "/api/approvals": {
      "count": 14,
      "method": "GET",
      "resourceType": "fetch",
      "status": 200,
      "contentLengthHeader": "14",
      "contentEncoding": null,
      "bodyBytes": 14,
      "contentType": "application/json; charset=utf-8"
    },
    "/api/map/overview?branch=main": {
      "count": 2,
      "method": "GET",
      "resourceType": "fetch",
      "status": 200,
      "contentLengthHeader": "1044970",
      "contentEncoding": null,
      "bodyBytes": 1044970,
      "contentType": "application/json; charset=utf-8"
    },
    "/api/units?branch=main": {
      "count": 1,
      "method": "GET",
      "resourceType": "fetch",
      "status": 200,
      "contentLengthHeader": "12",
      "contentEncoding": null,
      "bodyBytes": 12,
      "contentType": "application/json; charset=utf-8"
    },
    "/api/map/overview?branch=main&revision=1": {
      "count": 2,
      "method": "GET",
      "resourceType": "fetch",
      "status": 200,
      "contentLengthHeader": "1044970",
      "contentEncoding": null,
      "bodyBytes": 1044970,
      "contentType": "application/json; charset=utf-8"
    },
    "/api/units?branch=main&revision=1": {
      "count": 4,
      "method": "GET",
      "resourceType": "fetch",
      "status": 200,
      "contentLengthHeader": "12",
      "contentEncoding": null,
      "bodyBytes": 12,
      "contentType": "application/json; charset=utf-8"
    },
    "/api/timeline?branch=main": {
      "count": 2,
      "method": "GET",
      "resourceType": "fetch",
      "status": 200,
      "contentLengthHeader": "136",
      "contentEncoding": null,
      "bodyBytes": 136,
      "contentType": "application/json; charset=utf-8"
    },
    "/api/map/hex?q=0&r=0&branch=main&revision=1": {
      "count": 1,
      "method": "GET",
      "resourceType": "fetch",
      "status": 200,
      "contentLengthHeader": "292",
      "contentEncoding": null,
      "bodyBytes": 292,
      "contentType": "application/json; charset=utf-8"
    },
    "/api/social/population?q=0&r=0&branch=main&revision=1": {
      "count": 1,
      "method": "GET",
      "resourceType": "fetch",
      "status": 404,
      "contentLengthHeader": "51",
      "contentEncoding": null,
      "bodyBytes": 51,
      "contentType": "application/json; charset=utf-8"
    }
  },
  "nonOk": [
    {
      "key": "/api/social/population?q=0&r=0&branch=main&revision=1",
      "status": 404
    }
  ],
  "totals": {
    "apiBytes": 4182516,
    "staticBytes": 156040,
    "allBytes": 4338556,
    "apiCount": 40,
    "staticCount": 8
  },
  "firstFillCallMs": 780.7,
  "firstFrameMs": 795.7,
  "firstInteractiveMs": 11259.6,
  "interactiveCriterion": "SimosMap.isReady()===true 且 #map-status 文本含「已载入」（= overview+units 已取回并完成一次绘制）；取 firstFramePainted/readyTs/loadedTs 三者中最晚者",
  "pageErrors": [],
  "consoleErrors": [
    "Failed to load resource: the server responded with a status of 404 (Not Found)",
    "Failed to load resource: the server responded with a status of 404 (Not Found)"
  ],
  "stages": [
    {
      "name": "goto-start",
      "at": 1789805282196
    },
    {
      "name": "goto-commit",
      "at": 1789805282211
    },
    {
      "name": "ready",
      "at": 1789805303717
    },
    {
      "name": "load",
      "at": 1789805303718
    },
    {
      "name": "pan-start",
      "at": 1789805344197
    },
    {
      "name": "pan-end",
      "at": 1789805359761
    },
    {
      "name": "zoom-start",
      "at": 1789805364929
    },
    {
      "name": "zoom-end",
      "at": 1789805380256
    },
    {
      "name": "interactive-check",
      "at": 1789805380259
    },
    {
      "name": "done",
      "at": 1789805395744
    }
  ],
  "stagesReached": [
    "goto-start",
    "goto-commit",
    "ready",
    "load",
    "pan-start",
    "pan-end",
    "zoom-start",
    "zoom-end",
    "interactive-check",
    "done"
  ],
  "pan": {
    "frames": 1,
    "p50": 5037.3,
    "p95": 5037.3,
    "min": 5037.3,
    "max": 5037.3,
    "mean": 5037.3,
    "framesInWindow": 2,
    "windowMs": 5037.4,
    "scale": 0.09666505558240696,
    "deltas": [
      5037.3
    ]
  },
  "zoom": {
    "frames": 3,
    "p50": 5.6,
    "p95": 4639.16,
    "min": 0.3,
    "max": 5154,
    "mean": 1719.967,
    "framesInWindow": 4,
    "windowMs": 5159.9,
    "scale": 0.11712619786997587,
    "deltas": [
      0.3,
      5.6,
      5154
    ]
  },
  "renderCost": {
    "frames": 6,
    "p50": 5010,
    "p95": 5027.825,
    "min": 4982.4,
    "max": 5030.9,
    "mean": 5010.2,
    "samples": [
      5030.9,
      5018.6,
      4982.4,
      5009.3,
      5010,
      5010
    ]
  },
  "requestTimeline": [
    {
      "key": "/",
      "status": 200,
      "bytes": 6796,
      "startMs": 1.7,
      "endMs": 6.4,
      "durationMs": 4.7
    },
    {
      "key": "/styles.css",
      "status": 200,
      "bytes": 18345,
      "startMs": 13.6,
      "endMs": 22.5,
      "durationMs": 8.9
    },
    {
      "key": "/api.js",
      "status": 200,
      "bytes": 5992,
      "startMs": 13.9,
      "endMs": 27.1,
      "durationMs": 13.2
    },
    {
      "key": "/app.js",
      "status": 200,
      "bytes": 13645,
      "startMs": 14.3,
      "endMs": 27.8,
      "durationMs": 13.6
    },
    {
      "key": "/panels.js",
      "status": 200,
      "bytes": 17573,
      "startMs": 14.6,
      "endMs": 28.2,
      "durationMs": 13.6
    },
    {
      "key": "/unitTree.js",
      "status": 200,
      "bytes": 10354,
      "startMs": 14.8,
      "endMs": 28.4,
      "durationMs": 13.6
    },
    {
      "key": "/timeline.js",
      "status": 200,
      "bytes": 27312,
      "startMs": 15,
      "endMs": 28.9,
      "durationMs": 14
    },
    {
      "key": "/map.js",
      "status": 200,
      "bytes": 56023,
      "startMs": 15.3,
      "endMs": 29.1,
      "durationMs": 13.8
    },
    {
      "key": "/api/state",
      "status": 200,
      "bytes": 122,
      "startMs": 95,
      "endMs": 314.7,
      "durationMs": 219.6
    },
    {
      "key": "/api/approvals",
      "status": 200,
      "bytes": 14,
      "startMs": 95.1,
      "endMs": 259,
      "durationMs": 163.8
    },
    {
      "key": "/api/map/overview?branch=main",
      "status": 200,
      "bytes": 1044970,
      "startMs": 96,
      "endMs": 489.7,
      "durationMs": 393.7
    },
    {
      "key": "/api/units?branch=main",
      "status": 200,
      "bytes": 12,
      "startMs": 96.3,
      "endMs": 311.5,
      "durationMs": 215.2
    },
    {
      "key": "/api/state",
      "status": 200,
      "bytes": 122,
      "startMs": 98,
      "endMs": 513.2,
      "durationMs": 415.2
    },
    {
      "key": "/api/map/overview?branch=main",
      "status": 200,
      "bytes": 1044970,
      "startMs": 219.3,
      "endMs": 585.5,
      "durationMs": 366.2
    },
    {
      "key": "/api/map/overview?branch=main&revision=1",
      "status": 200,
      "bytes": 1044970,
      "startMs": 317.5,
      "endMs": 532.6,
      "durationMs": 215
    },
    {
      "key": "/api/units?branch=main&revision=1",
      "status": 200,
      "bytes": 12,
      "startMs": 318.3,
      "endMs": 473.3,
      "durationMs": 155
    },
    {
      "key": "/api/map/overview?branch=main&revision=1",
      "status": 200,
      "bytes": 1044970,
      "startMs": 444.2,
      "endMs": 610.5,
      "durationMs": 166.2
    },
    {
      "key": "/api/timeline?branch=main",
      "status": 200,
      "bytes": 136,
      "startMs": 618.7,
      "endMs": 666,
      "durationMs": 47.3
    },
    {
      "key": "/api/units?branch=main&revision=1",
      "status": 200,
      "bytes": 12,
      "startMs": 681.4,
      "endMs": 787.2,
      "durationMs": 105.8
    },
    {
      "key": "/api/units?branch=main&revision=1",
      "status": 200,
      "bytes": 12,
      "startMs": 697.2,
      "endMs": 806,
      "durationMs": 108.8
    },
    {
      "key": "/api/state",
      "status": 200,
      "bytes": 122,
      "startMs": 942.9,
      "endMs": 1000.9,
      "durationMs": 58
    },
    {
      "key": "/api/state",
      "status": 200,
      "bytes": 122,
      "startMs": 21507.3,
      "endMs": 21564.9,
      "durationMs": 57.5
    },
    {
      "key": "/api/approvals",
      "status": 200,
      "bytes": 14,
      "startMs": 21507.5,
      "endMs": 21518.6,
      "durationMs": 11
    },
    {
      "key": "/api/timeline?branch=main",
      "status": 200,
      "bytes": 136,
      "startMs": 21509.6,
      "endMs": 21517.4,
      "durationMs": 7.8
    },
    {
      "key": "/api/state",
      "status": 200,
      "bytes": 122,
      "startMs": 56834.6,
      "endMs": 56868.2,
      "durationMs": 33.7
    },
    {
      "key": "/api/approvals",
      "status": 200,
      "bytes": 14,
      "startMs": 56834.7,
      "endMs": 56843.6,
      "durationMs": 8.9
    },
    {
      "key": "/api/state",
      "status": 200,
      "bytes": 122,
      "startMs": 61996.1,
      "endMs": 62031.4,
      "durationMs": 35.3
    },
    {
      "key": "/api/approvals",
      "status": 200,
      "bytes": 14,
      "startMs": 61996.2,
      "endMs": 62006.9,
      "durationMs": 10.6
    },
    {
      "key": "/api/approvals",
      "status": 200,
      "bytes": 14,
      "startMs": 67172.3,
      "endMs": 67184.5,
      "durationMs": 12.2
    },
    {
      "key": "/api/state",
      "status": 200,
      "bytes": 122,
      "startMs": 67172.4,
      "endMs": 67211.3,
      "durationMs": 39
    },
    {
      "key": "/api/state",
      "status": 200,
      "bytes": 122,
      "startMs": 72369.1,
      "endMs": 72409.4,
      "durationMs": 40.3
    },
    {
      "key": "/api/approvals",
      "status": 200,
      "bytes": 14,
      "startMs": 72369.2,
      "endMs": 72388.9,
      "durationMs": 19.7
    },
    {
      "key": "/api/state",
      "status": 200,
      "bytes": 122,
      "startMs": 77557.2,
      "endMs": 77589.7,
      "durationMs": 32.5
    },
    {
      "key": "/api/approvals",
      "status": 200,
      "bytes": 14,
      "startMs": 77557.3,
      "endMs": 77565,
      "durationMs": 7.6
    },
    {
      "key": "/api/state",
      "status": 200,
      "bytes": 122,
      "startMs": 82725.6,
      "endMs": 82761.3,
      "durationMs": 35.6
    },
    {
      "key": "/api/approvals",
      "status": 200,
      "bytes": 14,
      "startMs": 82725.8,
      "endMs": 82735.5,
      "durationMs": 9.6
    },
    {
      "key": "/api/state",
      "status": 200,
      "bytes": 122,
      "startMs": 87884.4,
      "endMs": 87940.1,
      "durationMs": 55.7
    },
    {
      "key": "/api/approvals",
      "status": 200,
      "bytes": 14,
      "startMs": 87884.5,
      "endMs": 87894,
      "durationMs": 9.5
    },
    {
      "key": "/api/state",
      "status": 200,
      "bytes": 122,
      "startMs": 93060.5,
      "endMs": 93094.2,
      "durationMs": 33.7
    },
    {
      "key": "/api/approvals",
      "status": 200,
      "bytes": 14,
      "startMs": 93060.9,
      "endMs": 93070.6,
      "durationMs": 9.7
    },
    {
      "key": "/api/state",
      "status": 200,
      "bytes": 122,
      "startMs": 98052.8,
      "endMs": 98085.4,
      "durationMs": 32.6
    },
    {
      "key": "/api/approvals",
      "status": 200,
      "bytes": 14,
      "startMs": 98052.9,
      "endMs": 98061.5,
      "durationMs": 8.6
    },
    {
      "key": "/api/state",
      "status": 200,
      "bytes": 122,
      "startMs": 103219.6,
      "endMs": 103300.7,
      "durationMs": 81.1
    },
    {
      "key": "/api/approvals",
      "status": 200,
      "bytes": 14,
      "startMs": 103220.1,
      "endMs": 103235.4,
      "durationMs": 15.3
    },
    {
      "key": "/api/map/hex?q=0&r=0&branch=main&revision=1",
      "status": 200,
      "bytes": 292,
      "startMs": 103227.4,
      "endMs": 103347.3,
      "durationMs": 119.9
    },
    {
      "key": "/api/units?branch=main&revision=1",
      "status": 200,
      "bytes": 12,
      "startMs": 103227.8,
      "endMs": 103304.8,
      "durationMs": 77
    },
    {
      "key": "/api/social/population?q=0&r=0&branch=main&revision=1",
      "status": 404,
      "bytes": 51,
      "startMs": 103227.9,
      "endMs": 103304.2,
      "durationMs": 76.3
    },
    {
      "key": "/api/state",
      "status": 200,
      "bytes": 122,
      "startMs": 108362.5,
      "endMs": 108394,
      "durationMs": 31.4
    },
    {
      "key": "/api/approvals",
      "status": 200,
      "bytes": 14,
      "startMs": 108362.7,
      "endMs": 108369.6,
      "durationMs": 7
    }
  ],
  "longTasks": [
    {
      "start": 21.7,
      "dur": 64
    },
    {
      "start": 943,
      "dur": 5036
    },
    {
      "start": 5979.2,
      "dur": 5280
    },
    {
      "start": 11259.6,
      "dur": 5000
    },
    {
      "start": 16259.7,
      "dur": 5244
    },
    {
      "start": 51700.1,
      "dur": 5124
    },
    {
      "start": 56852.1,
      "dur": 5140
    },
    {
      "start": 62019.3,
      "dur": 5149
    },
    {
      "start": 67196.3,
      "dur": 5169
    },
    {
      "start": 72398.6,
      "dur": 5155
    },
    {
      "start": 77578.4,
      "dur": 5142
    },
    {
      "start": 82727.4,
      "dur": 5153
    },
    {
      "start": 87908.2,
      "dur": 5149
    },
    {
      "start": 93060.5,
      "dur": 4988
    },
    {
      "start": 98074.3,
      "dur": 5139
    },
    {
      "start": 103238.1,
      "dur": 5121
    },
    {
      "start": 108385.3,
      "dur": 5143
    }
  ],
  "hung": false,
  "hungAtStage": null,
  "fatal": null,
  "timeOriginEpochMs": 1789805282201.4,
  "firstFillCallCount": 19,
  "readyTs": 681.1,
  "loadedTs": 11259.6,
  "probeSnapshot": {
    "firstFillTs": 780.7000000029802,
    "firstFramePaintedTs": 795.7,
    "firstFillCallCount": 19,
    "readyTs": 681.1000000014901,
    "loadedTs": 11259.60000000149,
    "hasMap": true,
    "isReady": true,
    "statusText": "已载入 19441 格（mapId=Map1，单位 0）",
    "shellState": "分支 main · rev 1 · tick 0",
    "frameCount": 32
  },
  "canvasBox": {
    "x": 0,
    "y": 0,
    "w": 1280,
    "h": 800
  },
  "renderCostZoomed": {
    "stats": {
      "frames": 6,
      "p50": 0.25,
      "p95": 0.975,
      "min": 0.1,
      "max": 1.2,
      "mean": 0.367
    },
    "samples": [
      1.2,
      0.1,
      0.3,
      0.1,
      0.3,
      0.2
    ],
    "scale": 3
  },
  "interactiveFunctional": {
    "pickAtCenter": {
      "kind": "hex",
      "q": 0,
      "r": 0,
      "inMap": true
    },
    "beforeLen": 0,
    "afterLen": 60,
    "changed": true,
    "afterSnippet": "q0r0terrainplains（平原）height0.375regionstest_nation该处单位无人口无序列",
    "leftStatus": "q=0, r=0 · main@1"
  },
  "wallMs": 113786,
  "finishedAt": "2026-09-19T08:09:55.745Z"
}
