[INFO] Scanning for projects...
[INFO] ------------------------------------------------------------------------
[INFO] Reactor Build Order:
[INFO] 
[INFO] SimulatorMosire                                                    [pom]
[INFO] UtilSimos                                                          [jar]
[INFO] MapSimos                                                           [jar]
[INFO] UnitSimos                                                          [jar]
[INFO] 
[INFO] -----------------------< io.mosire:simos-parent >-----------------------
[INFO] Building SimulatorMosire 0.1.0-SNAPSHOT                            [1/4]
[INFO]   from pom.xml
[INFO] --------------------------------[ pom ]---------------------------------
[INFO] 
[INFO] --- enforcer:3.6.3:enforce (enforce-java-and-maven) @ simos-parent ---
[INFO] Rule 0: org.apache.maven.enforcer.rules.version.RequireJavaVersion passed
[INFO] Rule 1: org.apache.maven.enforcer.rules.version.RequireMavenVersion passed
[INFO] 
[INFO] --- checkstyle:3.6.0:check (checkstyle-check) @ simos-parent ---
[INFO] Starting audit...
Audit done.
[INFO] You have 0 Checkstyle violations.
[INFO] 
[INFO] ------------------------< io.mosire:simos-util >------------------------
[INFO] Building UtilSimos 0.1.0-SNAPSHOT                                  [2/4]
[INFO]   from simos-util/pom.xml
[INFO] --------------------------------[ jar ]---------------------------------
[INFO] 
[INFO] --- enforcer:3.6.3:enforce (enforce-java-and-maven) @ simos-util ---
[INFO] 
[INFO] --- enforcer:3.6.3:enforce (enforce-module-boundaries) @ simos-util ---
[INFO] Rule 0: org.apache.maven.enforcer.rules.dependency.BannedDependencies passed
[INFO] 
[INFO] --- checkstyle:3.6.0:check (checkstyle-check) @ simos-util ---
[INFO] Starting audit...
Audit done.
[INFO] You have 0 Checkstyle violations.
[INFO] 
[INFO] --- resources:3.4.0:resources (default-resources) @ simos-util ---
[INFO] skip non existing resourceDirectory /home/dev/SimulatorMosire/simos-util/src/main/resources
[INFO] 
[INFO] --- compiler:3.16.0:compile (default-compile) @ simos-util ---
[INFO] Nothing to compile - all classes are up to date.
[INFO] 
[INFO] --- resources:3.4.0:testResources (default-testResources) @ simos-util ---
[INFO] skip non existing resourceDirectory /home/dev/SimulatorMosire/simos-util/src/test/resources
[INFO] 
[INFO] --- compiler:3.16.0:testCompile (default-testCompile) @ simos-util ---
[INFO] Nothing to compile - all classes are up to date.
[INFO] 
[INFO] --- surefire:3.6.0:test (default-test) @ simos-util ---
[INFO] 
[INFO] ------------------------< io.mosire:simos-map >-------------------------
[INFO] Building MapSimos 0.1.0-SNAPSHOT                                   [3/4]
[INFO]   from simos-map/pom.xml
[INFO] --------------------------------[ jar ]---------------------------------
[INFO] 
[INFO] --- enforcer:3.6.3:enforce (enforce-java-and-maven) @ simos-map ---
[INFO] 
[INFO] --- enforcer:3.6.3:enforce (enforce-module-boundaries) @ simos-map ---
[INFO] Rule 0: org.apache.maven.enforcer.rules.dependency.BannedDependencies passed
[INFO] 
[INFO] --- checkstyle:3.6.0:check (checkstyle-check) @ simos-map ---
[INFO] Starting audit...
Audit done.
[INFO] You have 0 Checkstyle violations.
[INFO] 
[INFO] --- resources:3.4.0:resources (default-resources) @ simos-map ---
[INFO] skip non existing resourceDirectory /home/dev/SimulatorMosire/simos-map/src/main/resources
[INFO] 
[INFO] --- compiler:3.16.0:compile (default-compile) @ simos-map ---
[INFO] Nothing to compile - all classes are up to date.
[INFO] 
[INFO] --- resources:3.4.0:testResources (default-testResources) @ simos-map ---
[INFO] skip non existing resourceDirectory /home/dev/SimulatorMosire/simos-map/src/test/resources
[INFO] 
[INFO] --- compiler:3.16.0:testCompile (default-testCompile) @ simos-map ---
[INFO] Nothing to compile - all classes are up to date.
[INFO] 
[INFO] --- surefire:3.6.0:test (default-test) @ simos-map ---
[INFO] 
[INFO] ------------------------< io.mosire:simos-unit >------------------------
[INFO] Building UnitSimos 0.1.0-SNAPSHOT                                  [4/4]
[INFO]   from simos-unit/pom.xml
[INFO] --------------------------------[ jar ]---------------------------------
[INFO] 
[INFO] --- enforcer:3.6.3:enforce (enforce-java-and-maven) @ simos-unit ---
[INFO] 
[INFO] --- enforcer:3.6.3:enforce (enforce-module-boundaries) @ simos-unit ---
[INFO] Rule 0: org.apache.maven.enforcer.rules.dependency.BannedDependencies passed
[INFO] 
[INFO] --- checkstyle:3.6.0:check (checkstyle-check) @ simos-unit ---
[INFO] Starting audit...
Audit done.
[INFO] You have 0 Checkstyle violations.
[INFO] 
[INFO] --- resources:3.4.0:resources (default-resources) @ simos-unit ---
[INFO] skip non existing resourceDirectory /home/dev/SimulatorMosire/simos-unit/src/main/resources
[INFO] 
[INFO] --- compiler:3.16.0:compile (default-compile) @ simos-unit ---
[INFO] Recompiling the module because of changed source code.
[INFO] Compiling 20 source files with javac [debug release 21] to target/classes
[INFO] 
[INFO] --- resources:3.4.0:testResources (default-testResources) @ simos-unit ---
[INFO] skip non existing resourceDirectory /home/dev/SimulatorMosire/simos-unit/src/test/resources
[INFO] 
[INFO] --- compiler:3.16.0:testCompile (default-testCompile) @ simos-unit ---
[INFO] Recompiling the module because of changed dependency.
[INFO] Compiling 15 source files with javac [debug release 21] to target/test-classes
[INFO] 
[INFO] --- surefire:3.6.0:test (default-test) @ simos-unit ---
[INFO] Using auto detected provider org.apache.maven.surefire.junitplatform.JUnitPlatformProvider
[INFO] 
[INFO] -------------------------------------------------------
[INFO]  T E S T S
[INFO] -------------------------------------------------------
[INFO] Running io.mosire.simos.unit.codec.UnitCodecTest
[ERROR] Tests run: 7, Failures: 1, Errors: 0, Skipped: 0, Time elapsed: 2.444 s <<< FAILURE! -- in io.mosire.simos.unit.codec.UnitCodecTest
[ERROR] io.mosire.simos.unit.codec.UnitCodecTest.applyAndEncodeSnapshotRejectForeignSlice -- Time elapsed: 0.064 s <<< FAILURE!
java.lang.AssertionError: 

Expecting actual throwable to be an instance of:
  java.lang.IllegalStateException
but was:
  java.lang.ClassCastException: class io.mosire.simos.unit.codec.UnitCodecTest$ForeignSlice cannot be cast to class io.mosire.simos.unit.UnitSnapshot (io.mosire.simos.unit.codec.UnitCodecTest$ForeignSlice and io.mosire.simos.unit.UnitSnapshot are in unnamed module of loader 'app')
	at io.mosire.simos.unit.codec.UnitCodec.asUnitSnapshot(UnitCodec.java:117)
	at io.mosire.simos.unit.codec.UnitCodec.encodeSnapshot(UnitCodec.java:98)
	at io.mosire.simos.unit.codec.UnitCodecTest.lambda$applyAndEncodeSnapshotRejectForeignSlice$0(UnitCodecTest.java:146)
	...(86 remaining lines not displayed - this can be changed with Assertions.setMaxStackTraceElementsDisplayed)
	at io.mosire.simos.unit.codec.UnitCodecTest.applyAndEncodeSnapshotRejectForeignSlice(UnitCodecTest.java:147)

[INFO] 
[INFO] Results:
[INFO] 
[ERROR] Failures: 
[ERROR]   UnitCodecTest.applyAndEncodeSnapshotRejectForeignSlice:147 
Expecting actual throwable to be an instance of:
  java.lang.IllegalStateException
but was:
  java.lang.ClassCastException: class io.mosire.simos.unit.codec.UnitCodecTest$ForeignSlice cannot be cast to class io.mosire.simos.unit.UnitSnapshot (io.mosire.simos.unit.codec.UnitCodecTest$ForeignSlice and io.mosire.simos.unit.UnitSnapshot are in unnamed module of loader 'app')
	at io.mosire.simos.unit.codec.UnitCodec.asUnitSnapshot(UnitCodec.java:117)
	at io.mosire.simos.unit.codec.UnitCodec.encodeSnapshot(UnitCodec.java:98)
	at io.mosire.simos.unit.codec.UnitCodecTest.lambda$applyAndEncodeSnapshotRejectForeignSlice$0(UnitCodecTest.java:146)
	...(86 remaining lines not displayed - this can be changed with Assertions.setMaxStackTraceElementsDisplayed)
[INFO] 
[ERROR] Tests run: 7, Failures: 1, Errors: 0, Skipped: 0
[INFO] 
[INFO] ------------------------------------------------------------------------
[INFO] Reactor Summary for SimulatorMosire 0.1.0-SNAPSHOT:
[INFO] 
[INFO] SimulatorMosire .................................... SUCCESS [  5.448 s]
[INFO] UtilSimos .......................................... SUCCESS [  1.944 s]
[INFO] MapSimos ........................................... SUCCESS [  0.390 s]
[INFO] UnitSimos .......................................... FAILURE [ 19.116 s]
[INFO] ------------------------------------------------------------------------
[INFO] BUILD FAILURE
[INFO] ------------------------------------------------------------------------
[INFO] Total time:  27.862 s
[INFO] Finished at: 2026-09-18T17:02:43+08:00
[INFO] ------------------------------------------------------------------------
[ERROR] Failed to execute goal org.apache.maven.plugins:maven-surefire-plugin:3.6.0:test (default-test) on project simos-unit: There are test failures.
[ERROR] 
[ERROR] See /home/dev/SimulatorMosire/simos-unit/target/surefire-reports for the individual test results.
[ERROR] See dump files (if any exist) [date].dump, [date]-jvmRun[N].dump and [date].dumpstream.
[ERROR] -> [Help 1]
[ERROR] 
[ERROR] To see the full stack trace of the errors, re-run Maven with the -e switch.
[ERROR] Re-run Maven using the -X switch to enable full debug logging.
[ERROR] 
[ERROR] For more information about the errors and possible solutions, please read the following articles:
[ERROR] [Help 1] http://cwiki.apache.org/confluence/display/MAVEN/MojoFailureException
[ERROR] 
[ERROR] After correcting the problems, you can resume the build with the command
[ERROR]   mvn <args> -rf :simos-unit
