[ERROR] COMPILATION ERROR : 
[ERROR] /home/cna/SimulatorMosire/simos-unit/src/test/java/io/mosire/simos/unit/move/TerrainMovementCostTest.java:[14,17] cannot find symbol
  symbol:   class MovementCost
  location: class io.mosire.simos.unit.move.TerrainMovementCostTest
[ERROR] /home/cna/SimulatorMosire/simos-unit/src/test/java/io/mosire/simos/unit/move/TerrainMovementCostTest.java:[14,37] cannot find symbol
  symbol:   variable TerrainMovementCost
  location: class io.mosire.simos.unit.move.TerrainMovementCostTest
[ERROR] Failed to execute goal org.apache.maven.plugins:maven-compiler-plugin:3.16.0:testCompile (default-testCompile) on project simos-unit: Compilation failure: Compilation failure: 
[ERROR] /home/cna/SimulatorMosire/simos-unit/src/test/java/io/mosire/simos/unit/move/TerrainMovementCostTest.java:[14,17] cannot find symbol
[ERROR]   symbol:   class MovementCost
[ERROR]   location: class io.mosire.simos.unit.move.TerrainMovementCostTest
[ERROR] /home/cna/SimulatorMosire/simos-unit/src/test/java/io/mosire/simos/unit/move/TerrainMovementCostTest.java:[14,37] cannot find symbol
[ERROR]   symbol:   variable TerrainMovementCost
[ERROR]   location: class io.mosire.simos.unit.move.TerrainMovementCostTest
[ERROR] -> [Help 1]
[ERROR] 
[ERROR] To see the full stack trace of the errors, re-run Maven with the -e switch.
[ERROR] Re-run Maven using the -X switch to enable full debug logging.
[ERROR] 
[ERROR] For more information about the errors and possible solutions, please read the following articles:
[ERROR] [Help 1] http://cwiki.apache.org/confluence/display/MAVEN/MojoFailureException
[ERROR] 
[ERROR] After correcting the problems, you can resume the build with the command
[ERROR]   mvn <args> -rf :simos-unit
