[now] stage: goto-start
[now] stage: goto-commit
[now] stage: ready
[now] stage: load
[now] stage: pan-start
[now] stage: pan-end
[now] stage: zoom-start
[now] stage: zoom-end
[now] stage: interactive-check
[now] stage: done
=== BASELINE JSON ===
{
  "label": "now",
  "base": "http://127.0.0.1:45921",
  "viewport": {
    "width": 1280,
    "height": 800
  },
  "chrome": "/home/cna/.cache/ms-playwright/chromium-1234/chrome-linux64/chrome",
  "playwrightVersion": "1.64.0-alpha-1789764292000",
  "startedAt": "2026-09-19T08:54:19.389Z",
  "requests": {
    "/": {
      "count": 1,
      "method": "GET",
      "resourceType": "document",
      "status": 200,
      "contentLengthHeader": "6796",
      "contentEncoding": null,
      "bodyBytes": 6796,
      "contentType": "text/html; charset=utf-8"
    },
    "/styles.css": {
      "count": 1,
      "method": "GET",
      "resourceType": "stylesheet",
      "status": 200,
      "contentLengthHeader": "18345",
      "contentEncoding": null,
      "bodyBytes": 18345,
      "contentType": "text/css; charset=utf-8"
    },
    "/api.js": {
      "count": 1,
      "method": "GET",
      "resourceType": "script",
      "status": 200,
      "contentLengthHeader": "8752",
      "contentEncoding": null,
      "bodyBytes": 8752,
      "contentType": "text/javascript; charset=utf-8"
    },
    "/app.js": {
      "count": 1,
      "method": "GET",
      "resourceType": "script",
      "status": 200,
      "contentLengthHeader": "13854",
      "contentEncoding": null,
      "bodyBytes": 13854,
      "contentType": "text/javascript; charset=utf-8"
    },
    "/panels.js": {
      "count": 1,
      "method": "GET",
      "resourceType": "script",
      "status": 200,
      "contentLengthHeader": "17106",
      "contentEncoding": null,
      "bodyBytes": 17106,
      "contentType": "text/javascript; charset=utf-8"
    },
    "/unitTree.js": {
      "count": 1,
      "method": "GET",
      "resourceType": "script",
      "status": 200,
      "contentLengthHeader": "10360",
      "contentEncoding": null,
      "bodyBytes": 10360,
      "contentType": "text/javascript; charset=utf-8"
    },
    "/timeline.js": {
      "count": 1,
      "method": "GET",
      "resourceType": "script",
      "status": 200,
      "contentLengthHeader": "27386",
      "contentEncoding": null,
      "bodyBytes": 27386,
      "contentType": "text/javascript; charset=utf-8"
    },
    "/map.js": {
      "count": 1,
      "method": "GET",
      "resourceType": "script",
      "status": 200,
      "contentLengthHeader": "68584",
      "contentEncoding": null,
      "bodyBytes": 68584,
      "contentType": "text/javascript; charset=utf-8"
    },
    "/api/state": {
      "count": 2,
      "method": "GET",
      "resourceType": "fetch",
      "status": 200,
      "contentLengthHeader": "122",
      "contentEncoding": null,
      "bodyBytes": 122,
      "contentType": "application/json; charset=utf-8"
    },
    "/api/approvals": {
      "count": 2,
      "method": "GET",
      "resourceType": "fetch",
      "status": 200,
      "contentLengthHeader": "14",
      "contentEncoding": null,
      "bodyBytes": 14,
      "contentType": "application/json; charset=utf-8"
    },
    "/api/map/overview?branch=main": {
      "count": 1,
      "method": "GET",
      "resourceType": "fetch",
      "status": 200,
      "contentLengthHeader": "703053",
      "contentEncoding": null,
      "bodyBytes": 703053,
      "contentType": "application/json; charset=utf-8"
    },
    "/api/units?branch=main": {
      "count": 1,
      "method": "GET",
      "resourceType": "fetch",
      "status": 200,
      "contentLengthHeader": "12",
      "contentEncoding": null,
      "bodyBytes": 12,
      "contentType": "application/json; charset=utf-8"
    },
    "/api/map/overview?branch=main&revision=1": {
      "count": 1,
      "method": "GET",
      "resourceType": "fetch",
      "status": 200,
      "contentLengthHeader": "703053",
      "contentEncoding": null,
      "bodyBytes": 703053,
      "contentType": "application/json; charset=utf-8"
    },
    "/api/units?branch=main&revision=1": {
      "count": 1,
      "method": "GET",
      "resourceType": "fetch",
      "status": 200,
      "contentLengthHeader": "12",
      "contentEncoding": null,
      "bodyBytes": 12,
      "contentType": "application/json; charset=utf-8"
    },
    "/api/timeline?branch=main": {
      "count": 2,
      "method": "GET",
      "resourceType": "fetch",
      "status": 200,
      "contentLengthHeader": "136",
      "contentEncoding": null,
      "bodyBytes": 136,
      "contentType": "application/json; charset=utf-8"
    },
    "/api/map/hex?q=0&r=0&branch=main&revision=1": {
      "count": 1,
      "method": "GET",
      "resourceType": "fetch",
      "status": 200,
      "contentLengthHeader": "292",
      "contentEncoding": null,
      "bodyBytes": 292,
      "contentType": "application/json; charset=utf-8"
    },
    "/api/social/population?q=0&r=0&branch=main&revision=1": {
      "count": 1,
      "method": "GET",
      "resourceType": "fetch",
      "status": 404,
      "contentLengthHeader": "51",
      "contentEncoding": null,
      "bodyBytes": 51,
      "contentType": "application/json; charset=utf-8"
    }
  },
  "nonOk": [
    {
      "key": "/api/social/population?q=0&r=0&branch=main&revision=1",
      "status": 404
    }
  ],
  "totals": {
    "apiBytes": 1406966,
    "staticBytes": 171183,
    "allBytes": 1578149,
    "apiCount": 11,
    "staticCount": 8
  },
  "firstFillCallMs": 301.5,
  "firstFrameMs": null,
  "firstInteractiveMs": 420.7,
  "interactiveCriterion": "SimosMap.isReady()===true 且 #map-status 文本含「已载入」（= overview+units 已取回并完成一次绘制）；取 firstFramePainted/readyTs/loadedTs 三者中最晚者",
  "pageErrors": [],
  "consoleErrors": [
    "Failed to load resource: the server responded with a status of 404 (Not Found)",
    "Failed to load resource: the server responded with a status of 404 (Not Found)"
  ],
  "stages": [
    {
      "name": "goto-start",
      "at": 1789808059623
    },
    {
      "name": "goto-commit",
      "at": 1789808059637
    },
    {
      "name": "ready",
      "at": 1789808060072
    },
    {
      "name": "load",
      "at": 1789808060074
    },
    {
      "name": "pan-start",
      "at": 1789808060135
    },
    {
      "name": "pan-end",
      "at": 1789808063194
    },
    {
      "name": "zoom-start",
      "at": 1789808063723
    },
    {
      "name": "zoom-end",
      "at": 1789808065744
    },
    {
      "name": "interactive-check",
      "at": 1789808065747
    },
    {
      "name": "done",
      "at": 1789808066716
    }
  ],
  "stagesReached": [
    "goto-start",
    "goto-commit",
    "ready",
    "load",
    "pan-start",
    "pan-end",
    "zoom-start",
    "zoom-end",
    "interactive-check",
    "done"
  ],
  "pan": {
    "frames": 168,
    "p50": 16.9,
    "p95": 33.395,
    "min": 0.5,
    "max": 51.1,
    "mean": 17.994,
    "framesInWindow": 169,
    "windowMs": 3023,
    "scale": 0.09666505558240696,
    "deltas": [
      3.7,
      20.5,
      20,
      27.1,
      6.3,
      16.8,
      29.4,
      4.2,
      16.5,
      27.3,
      5.8,
      51.1,
      5.4,
      23.3,
      3.6,
      17.2,
      29.3,
      3.5,
      17,
      30.4,
      2.6,
      16.8,
      33.5,
      16.6,
      28.7,
      4.3,
      16.8,
      26.2,
      7.2,
      26.2,
      6.9,
      17.5,
      40.2,
      28.2,
      14.5,
      27.4,
      5.6,
      16.8,
      28.6,
      4.7,
      17,
      43.9,
      28.6,
      11.6,
      26.9,
      5.2,
      16.9,
      26.3,
      7,
      25.4,
      7.8,
      26,
      7.3,
      26.2,
      7.1,
      26.4,
      7.1,
      26.1,
      7.2,
      26.6,
      6.8,
      26.4,
      7.1,
      28.8,
      4.2,
      16.8,
      27.1,
      6,
      17.1,
      30.4,
      2.5,
      16.9,
      28.6,
      4.5,
      16.9,
      28.2,
      5,
      17.4,
      27.9,
      4.7,
      17.3,
      27.8,
      4.9,
      16.8,
      30.6,
      2.7,
      17,
      36,
      27.8,
      2.5,
      16.8,
      34.2,
      15.7,
      29.2,
      4.1,
      28.6,
      4.7,
      28.3,
      5,
      28,
      5.4,
      28.9,
      4.3,
      17,
      29,
      4.5,
      16.4,
      29,
      4.1,
      16.8,
      30.8,
      2.5,
      16.8,
      29.5,
      4,
      16.5,
      31.3,
      2,
      16.7,
      29.2,
      3.8,
      17.2,
      36.8,
      26.2,
      3.2,
      16.9,
      34.8,
      15.7,
      31.5,
      1.2,
      16.8,
      31,
      2,
      17.1,
      33.2,
      16.8,
      31.1,
      1.9,
      17,
      30.2,
      2.9,
      16.7,
      28.8,
      4.5,
      16.8,
      32.6,
      0.5,
      16.9,
      38.1,
      27,
      1.4,
      16.7,
      27.9,
      5.3,
      17.2,
      33.1,
      16.6,
      29.6,
      3.6,
      16.7,
      26.7,
      6.6,
      25.5,
      7.8,
      27.4,
      6.5,
      16.1,
      28.8
    ]
  },
  "zoom": {
    "frames": 101,
    "p50": 23.8,
    "p95": 35.4,
    "min": 0.7,
    "max": 38.9,
    "mean": 19.929,
    "framesInWindow": 102,
    "windowMs": 2012.9,
    "scale": 0.30589807792247337,
    "deltas": [
      15.6,
      15.5,
      17.6,
      20.6,
      26.2,
      1.8,
      38.7,
      25.5,
      33.5,
      25.1,
      26.7,
      0.9,
      24.2,
      23.7,
      15.9,
      23.2,
      13.1,
      36.8,
      12.7,
      22.4,
      24.1,
      3.9,
      31.8,
      1.2,
      30.8,
      2.3,
      31.1,
      2.4,
      29.3,
      3.9,
      29.7,
      3.9,
      30.9,
      2.3,
      28.5,
      5,
      27.5,
      5.6,
      28.1,
      5.2,
      28.2,
      5.4,
      28,
      5.3,
      29.6,
      3.5,
      29.2,
      4.2,
      33.4,
      16.7,
      29.3,
      4,
      29.4,
      3.9,
      31.6,
      1.7,
      32.2,
      6,
      24.1,
      6.6,
      28.7,
      3.8,
      20.2,
      32.1,
      13,
      35.4,
      14.5,
      32.4,
      22.8,
      12.1,
      23.7,
      9,
      38.5,
      11.5,
      21.1,
      24.5,
      4.5,
      27.7,
      25.4,
      32.2,
      23,
      38.9,
      23.9,
      31.2,
      14.4,
      30.6,
      2.7,
      30.5,
      2.7,
      28.5,
      5.2,
      32.5,
      0.7,
      38.2,
      23.8,
      33.2,
      24,
      26.7,
      24,
      20.5,
      25
    ]
  },
  "renderCost": {
    "frames": 6,
    "p50": 1.65,
    "p95": 3.25,
    "min": 1.4,
    "max": 3.7,
    "mean": 1.967,
    "samples": [
      3.7,
      1.7,
      1.5,
      1.4,
      1.6,
      1.9
    ]
  },
  "requestTimeline": [
    {
      "key": "/",
      "status": 200,
      "bytes": 6796,
      "startMs": 1.7,
      "endMs": 6.5,
      "durationMs": 4.7
    },
    {
      "key": "/styles.css",
      "status": 200,
      "bytes": 18345,
      "startMs": 14.2,
      "endMs": 21.6,
      "durationMs": 7.4
    },
    {
      "key": "/api.js",
      "status": 200,
      "bytes": 8752,
      "startMs": 14.5,
      "endMs": 30.3,
      "durationMs": 15.8
    },
    {
      "key": "/app.js",
      "status": 200,
      "bytes": 13854,
      "startMs": 14.8,
      "endMs": 30.3,
      "durationMs": 15.5
    },
    {
      "key": "/panels.js",
      "status": 200,
      "bytes": 17106,
      "startMs": 15,
      "endMs": 30.7,
      "durationMs": 15.6
    },
    {
      "key": "/unitTree.js",
      "status": 200,
      "bytes": 10360,
      "startMs": 15.2,
      "endMs": 31,
      "durationMs": 15.8
    },
    {
      "key": "/timeline.js",
      "status": 200,
      "bytes": 27386,
      "startMs": 15.8,
      "endMs": 31.6,
      "durationMs": 15.8
    },
    {
      "key": "/map.js",
      "status": 200,
      "bytes": 68584,
      "startMs": 16,
      "endMs": 31.7,
      "durationMs": 15.7
    },
    {
      "key": "/api/state",
      "status": 200,
      "bytes": 122,
      "startMs": 133.1,
      "endMs": 140.6,
      "durationMs": 7.5
    },
    {
      "key": "/api/approvals",
      "status": 200,
      "bytes": 14,
      "startMs": 133.3,
      "endMs": 242.3,
      "durationMs": 109
    },
    {
      "key": "/api/map/overview?branch=main",
      "status": 200,
      "bytes": 703053,
      "startMs": 134.3,
      "endMs": 177.7,
      "durationMs": 43.4
    },
    {
      "key": "/api/units?branch=main",
      "status": 200,
      "bytes": 12,
      "startMs": 134.7,
      "endMs": 148.9,
      "durationMs": 14.2
    },
    {
      "key": "/api/map/overview?branch=main&revision=1",
      "status": 200,
      "bytes": 703053,
      "startMs": 153.8,
      "endMs": 216,
      "durationMs": 62.3
    },
    {
      "key": "/api/units?branch=main&revision=1",
      "status": 200,
      "bytes": 12,
      "startMs": 153.9,
      "endMs": 211.2,
      "durationMs": 57.3
    },
    {
      "key": "/api/timeline?branch=main",
      "status": 200,
      "bytes": 136,
      "startMs": 154,
      "endMs": 183.9,
      "durationMs": 29.9
    },
    {
      "key": "/api/timeline?branch=main",
      "status": 200,
      "bytes": 136,
      "startMs": 250.8,
      "endMs": 297.6,
      "durationMs": 46.9
    },
    {
      "key": "/api/state",
      "status": 200,
      "bytes": 122,
      "startMs": 5134.3,
      "endMs": 5139.4,
      "durationMs": 5.1
    },
    {
      "key": "/api/approvals",
      "status": 200,
      "bytes": 14,
      "startMs": 5134.5,
      "endMs": 5185.2,
      "durationMs": 50.8
    },
    {
      "key": "/api/map/hex?q=0&r=0&branch=main&revision=1",
      "status": 200,
      "bytes": 292,
      "startMs": 6952,
      "endMs": 6964.2,
      "durationMs": 12.2
    },
    {
      "key": "/api/social/population?q=0&r=0&branch=main&revision=1",
      "status": 404,
      "bytes": 51,
      "startMs": 6952.1,
      "endMs": 6963.1,
      "durationMs": 11
    }
  ],
  "longTasks": [
    {
      "start": 64,
      "dur": 51
    },
    {
      "start": 273.2,
      "dur": 81
    }
  ],
  "hung": false,
  "hungAtStage": null,
  "fatal": null,
  "timeOriginEpochMs": 1789808059626.5,
  "firstFillCallCount": 609,
  "readyTs": 420.7,
  "loadedTs": 420.7,
  "probeSnapshot": {
    "firstFillTs": 301.5,
    "firstFramePaintedTs": null,
    "firstFillCallCount": 609,
    "readyTs": 420.69999999552965,
    "loadedTs": 420.69999999552965,
    "hasMap": true,
    "isReady": true,
    "statusText": "已载入 19441 格（mapId=Map1，单位 0）",
    "shellState": "分支 main · rev 1 · tick 0",
    "frameCount": 10
  },
  "canvasBox": {
    "x": 0,
    "y": 0,
    "w": 1280,
    "h": 800
  },
  "renderCostZoomed": {
    "stats": {
      "frames": 6,
      "p50": 0.25,
      "p95": 0.525,
      "min": 0,
      "max": 0.6,
      "mean": 0.25
    },
    "samples": [
      0.6,
      0.3,
      0.1,
      0.3,
      0,
      0.2
    ],
    "scale": 3
  },
  "interactiveFunctional": {
    "pickAtCenter": {
      "kind": "hex",
      "q": 0,
      "r": 0,
      "inMap": true
    },
    "beforeLen": 0,
    "afterLen": 60,
    "changed": true,
    "afterSnippet": "q0r0terrainplains（平原）height0.375regionstest_nation该处单位无人口无序列",
    "leftStatus": "q=0, r=0 · main@1"
  },
  "wallMs": 7327,
  "finishedAt": "2026-09-19T08:54:26.717Z"
}
