webui_synced agg_md5=2d8e78f92f5f16197250cd39f546c54e map_js_md5=186ecd16896ae3de2d01eb7ccc112f8e index_html_md5=6e12ed422b7694a75445e2afa154d454
harness_md5 e2e_cjs=75ce5aa08c504c093ec6e27d28ce4c16 run_e2e_sh=96288100077e8f58d271d5290b4ffde0
server_ready_tries=17 code=200 pid=1756946 store=/tmp/m8t9-e2e-store-5863
STEP a0-page-served: PASS status=200 bytes=12298
STEP a1-tool-selector-has-four-tools: PASS {"count":4,"values":["terrain","river","road","randomize"],"checked":"terrain","hostTool":"terrain"}
STEP a2-default-terrain-and-params-hidden: PASS {"tool":"terrain","edgeControlsVisible":false,"randomizeControlsVisible":false,"edgeMode":"","seedText":""}
STEP a3-edge-mode-empty-no-preselect: PASS edgeMode=""
STEP a4-old-t11-placeholders-gone: PASS {"servedHasDataPending":false,"servedHasGuiT11":false}
LEFT_PAN_ALL_MODES [{"mode":"view","moved":true,"nonGet":[]},{"mode":"region","moved":true,"nonGet":[]},{"mode":"map-edit","moved":true,"nonGet":[]},{"mode":"region-edit","moved":true,"nonGet":[]},{"mode":"unit","moved":true,"nonGet":[]}]
STEP a5-five-modes-left-drag-zero-write: PASS ["view:0","region:0","map-edit:0","region-edit:0","unit:0"]
STEP a6-canvas-box-in-viewport: PASS {"box":{"x":0,"y":0,"width":1280,"height":800},"viewport":{"w":1280,"h":800}}
STEP a7-hex-centers-hit-canvas: PASS {"at12":"canvas","at13":"canvas"}
STEP a8-preflight-zero-write: PASS commands=0
STEP b0-river-tool-shows-edge-controls: PASS {"vis":true,"rnd":false,"mode":"","host":"river"}
STEP e1-unselected-mode-zero-write: PASS posts=0 warning="未选 replace/merge：右键拖动不会发出任何写命令。" status="未选连通性语义 ⇒ **未发出任何写命令**（本次拖动 1 条边已丢弃；轨迹 2 格）。"
STEP c0-merge-selected: PASS edgeMode=merge warning=""
STEP e2-merge-one-command-and-river-present: PASS {"posts":1,"payload":{"kind":"river","edges":["1_2|1_3"],"mode":"merge"},"headBefore":1,"headAfter":2,"hex12Edges":[{"edge":"1_2|1_3","pathways":["river"]}],"status":true}
STEP s2-merge-keeps-existing-river: PASS {"posts":1,"payload":{"kind":"road","edges":["1_2|1_3"],"mode":"merge"},"hex12Edges":[{"edge":"1_2|1_3","pathways":["river","road"]}],"hex11Edges":[]}
STEP s3a-replace-start-is-hex-1-1: PASS {"kind":"hex","q":1,"r":1,"inMap":true,"terrain":"desert"}
STEP s3b-replace-stripped-the-kind-off-the-other-edge: PASS hex(1,2) 上 1_2|1_3 的 pathways=["road"]（road 必须一字不动、river 必须没了）
STEP s3-replace-strips-that-kind-across-the-map: PASS {"posts":1,"payload":{"kind":"river","edges":["1_1|1_2"],"mode":"replace"},"hex12Edges":[{"edge":"1_1|1_2","pathways":["river"]},{"edge":"1_2|1_3","pathways":["road"]}],"hex11Edges":[{"edge":"1_1|1_2","pathways":["river"]}],"hex12Norm":"[\"1_1|1_2[river]\",\"1_2|1_3[road]\"]","hex11Norm":"[\"1_1|1_2[river]\"]","e2PathwaysAfterReplace":"[\"road\"]","e1PathwaysOn12":"[\"river\"]","e1PathwaysOn11":"[\"river\"]","status":"已改 river 1 条边（replace，一条命令，head 已前进）"}
STEP x1a-jump-start-is-hex-1-1-and-detour-is-offmap: PASS {"jumpHit":"canvas","jumpPick":{"kind":"hex","q":1,"r":1,"inMap":true,"terrain":"desert"},"detourPick":{"kind":"hex","q":4,"r":1,"inMap":false,"terrain":null},"a":{"x":441.1679769496518,"y":225.25},"c":{"x":723.0570230503482,"y":538.5}}
STEP x1-nonadjacent-jump-zero-write: PASS posts=0 status="非相邻的两格连不成边 ⇒ **未发出任何写命令**（轨迹 2 格）。"
STEP r0-randomize-controls-visible: PASS {"rnd":true,"edge":false,"seed":""}
STEP r0a-empty-selection-zero-write-with-warning: PASS {"posts":0,"selection":[],"warning":"选区为空：先在图上右键拖动圈选，**没有发出任何写命令**。","status":"选区为空 ⇒ 未发出任何写命令。","seed":"7"}
STEP r0b-selection-is-zero-write-and-persists: PASS posts=0 selection=[{"q":1,"r":2},{"q":1,"r":3}]
STEP r0c-empty-seed-zero-write-with-warning: PASS {"posts":0,"warning":"seed 必须是整数（Java long）：**没有发出任何写命令**。","status":"seed 非法 ⇒ 未发出任何写命令。"}
RANDOMIZE {"pristineMd5":"3f5a712a3b36e536123b4d519a005e08","pristineBytes":603,"r1":{"posts":1,"payload":{"hexes":[{"q":1,"r":2},{"q":1,"r":3}],"seed":7},"md5":"3f5a712a3b36e536123b4d519a005e08","bytes":603},"r2":{"posts":1,"payload":{"hexes":[{"q":1,"r":2},{"q":1,"r":3}],"seed":7},"md5":"3f5a712a3b36e536123b4d519a005e08","bytes":603},"r3":{"posts":1,"payload":{"hexes":[{"q":1,"r":2},{"q":1,"r":3}],"seed":99},"md5":"4271a07929b1e6919f6a3f634b8511fc","bytes":731},"r4":{"posts":1,"payload":{"hexes":[{"q":1,"r":2},{"q":1,"r":3}],"seed":7},"md5":"3f5a712a3b36e536123b4d519a005e08","bytes":603}}
STEP r1-seed-reaches-payload-verbatim: PASS {"posts":1,"payload":{"hexes":[{"q":1,"r":2},{"q":1,"r":3}],"seed":7},"md5":"3f5a712a3b36e536123b4d519a005e08","bytes":603}
STEP r2-same-seed-twice-byte-identical: PASS r1=3f5a712a3b36e536123b4d519a005e08 r2=3f5a712a3b36e536123b4d519a005e08
STEP r3-other-seed-differs: PASS r2=3f5a712a3b36e536123b4d519a005e08 r3=4271a07929b1e6919f6a3f634b8511fc
STEP r4-back-to-first-seed-reproduces-bytes: PASS r1=3f5a712a3b36e536123b4d519a005e08 r3=4271a07929b1e6919f6a3f634b8511fc r4=3f5a712a3b36e536123b4d519a005e08
STEP f0-terrain-tool-restored: PASS {"tool":"terrain","host":"terrain","edge":false,"rnd":false}
STEP g2-brush-not-stolen: PASS {"palette":["desert"],"target":"desert","posts":1,"payload":{"hexes":[{"q":1,"r":2},{"q":1,"r":3}],"terrain":"desert"},"headBefore":8,"headAfter":9}
STEP g3-region-info-shows-connectivity: PASS ["\n    \n      Simos 工作台\n\n      \n        常规\n        区域查看\n        地图编辑\n        区域编辑\n        单位移动编辑\n        地图编辑\n      \n\n      \n        回到世界中心\n        收起左栏\n        收起右栏\n      \n\n      分支 main · rev 9 · tick 5\n    \n\n    \n      \n        详情\n        q=1, r=2 · main@9\n        q1r2terraindesert（沙漠）height0.5regions无区域该处单位无人口无序列\n        编制\n        第一连u-1\n\n        \n          单位移动与编辑\n          点选一个单位开始；右键点目标格自动下路线，右键点空白取消选中；左键点单位自身（或再点一次已选中的单位/其所在格）取消移动。\n          未选中单位\n          \n            路线模式：关\n            下路线\n            清除路线\n          \n          路线：（未选）\n\n          \n            改上级（ReparentUnit）\n            \n            提交\n          \n\n          \n            改编制（SetStrength）\n            \n            \n            提交\n          \n\n          \n            解散（DisbandUnit）\n            解散选中单位\n          \n\n          \n            新建单位（CreateUnit）\n            \n            \n            \n            \n            \n            \n            \n            \n            \n            创建\n          \n        \n\n        \n          工具\n          \n             地形刷\n             河流\n             道路\n             圈选随机化\n          \n          工具：地形刷 —— 右键拖动涂抹；左键=平移地图。\n\n          \n            地形调色板\n            词表 1 类：desert\n            desert\n            已改 2 格为 desert（一条命令，head 已前进）\n          \n\n          \n            连通性语义（必选，无默认）\n              \n                （未选）\n                merge（只加不删，保留既有标注）\n                replace（整份覆盖该 kind）\n              \n            \n            \n            非相邻的两格连不成边 ⇒ **未发出任何写命令**（轨迹 2 格）。\n          \n\n          \n            seed（整数）\n              \n            \n            执行随机化\n            \n            已随机化 2 格（seed 7，一条命令，head 已前进）\n          \n        \n\n        \n          区域编辑\n          右键拖动=套索创建；Shift+右键拖动=逐格画/擦（临时选区，供合并/剔除）；左键拖动=平移地图。重叠是正常状态，不会被拒绝。\n          \n            新建区域\n            \n              Shift+右键加入选区\n              Shift+右键移除选区\n            \n            清空选区\n          \n          临时选区：0 格\n          目标区域：未选中\n\n          \n            新建区域（右键拖动套索 ⇒ map.CreateRegion；重叠不报错）\n            regionId\n              \n            \n            名称\n              \n            \n            用临时选区创建区域\n            \n              —\n              新建同名区域（不同 id）\n              合并到同名已有区域\n              取消\n            \n          \n\n          \n            改已有区域（map.UpdateRegion，hex 集合）\n            把目标区域 hex 载入选区\n            保存选区为新 hex 集合\n            合并（临时选区 ∪ 目标区域）\n            剔除（目标区域 − 临时选区）\n          \n\n          \n            删除区域（map.DeleteRegion，需二次确认）\n            删除目标区域\n            \n              确认删除 —？不可撤销。\n              确认删除\n              取消\n            \n          \n        \n\n        \n          区域信息编辑\n          (1,2) · 0 个区域\n          q1r2terraindesert（沙漠）regions无区域连通性1_1|1_2[river]；1_2|1_3[road]\n          \n            改区域元数据（map.UpdateRegion，只改 meta）\n            区域\n              \n            \n            颜色\n              \n            \n            标签\n              \n            \n            描述\n              \n            \n            annexedBy\n              \n            \n            提交元数据\n          \n        \n      \n\n      \n\n      \n        \n          区域\n          该快照无区域。\n        \n        待批\n        待批：0\n      \n    \n\n    \n      缩放 3.50×\n      已载入 3 格（mapId=Map1，单位 1）\n      共 3 格 · 0 区域 · 单位 1 · desert=3\n    \n\n    \n      maintick 5· 9 条命令\n      \n        推进\n          \n          tick\n        推进 N tick\n        分岔\n      \n      分支 main · rev 9 · head 9 · tick 5\n      \n    \n  ","\n      \n        详情\n        q=1, r=2 · main@9\n        q1r2terraindesert（沙漠）height0.5regions无区域该处单位无人口无序列\n        编制\n        第一连u-1\n\n        \n          单位移动与编辑\n          点选一个单位开始；右键点目标格自动下路线，右键点空白取消选中；左键点单位自身（或再点一次已选中的单位/其所在格）取消移动。\n          未选中单位\n          \n            路线模式：关\n            下路线\n            清除路线\n          \n          路线：（未选）\n\n          \n            改上级（ReparentUnit）\n            \n            提交\n          \n\n          \n            改编制（SetStrength）\n            \n            \n            提交\n          \n\n          \n            解散（DisbandUnit）\n            解散选中单位\n          \n\n          \n            新建单位（CreateUnit）\n            \n            \n            \n            \n            \n            \n            \n            \n            \n            创建\n          \n        \n\n        \n          工具\n          \n             地形刷\n             河流\n             道路\n             圈选随机化\n          \n          工具：地形刷 —— 右键拖动涂抹；左键=平移地图。\n\n          \n            地形调色板\n            词表 1 类：desert\n            desert\n            已改 2 格为 desert（一条命令，head 已前进）\n          \n\n          \n            连通性语义（必选，无默认）\n              \n                （未选）\n                merge（只加不删，保留既有标注）\n                replace（整份覆盖该 kind）\n              \n            \n            \n            非相邻的两格连不成边 ⇒ **未发出任何写命令**（轨迹 2 格）。\n          \n\n          \n            seed（整数）\n              \n            \n            执行随机化\n            \n            已随机化 2 格（seed 7，一条命令，head 已前进）\n          \n        \n\n        \n          区域编辑\n          右键拖动=套索创建；Shift+右键拖动=逐格画/擦（临时选区，供合并/剔除）；左键拖动=平移地图。重叠是正常状态，不会被拒绝。\n          \n            新建区域\n            \n              Shift+右键加入选区\n              Shift+右键移除选区\n            \n            清空选区\n          \n          临时选区：0 格\n          目标区域：未选中\n\n          \n            新建区域（右键拖动套索 ⇒ map.CreateRegion；重叠不报错）\n            regionId\n              \n            \n            名称\n              \n            \n            用临时选区创建区域\n            \n              —\n              新建同名区域（不同 id）\n              合并到同名已有区域\n              取消\n            \n          \n\n          \n            改已有区域（map.UpdateRegion，hex 集合）\n            把目标区域 hex 载入选区\n            保存选区为新 hex 集合\n            合并（临时选区 ∪ 目标区域）\n            剔除（目标区域 − 临时选区）\n          \n\n          \n            删除区域（map.DeleteRegion，需二次确认）\n            删除目标区域\n            \n              确认删除 —？不可撤销。\n              确认删除\n              取消\n            \n          \n        \n\n        \n          区域信息编辑\n          (1,2) · 0 个区域\n          q1r2terraindesert（沙漠）regions无区域连通性1_1|1_2[river]；1_2|1_3[road]\n          \n            改区域元数据（map.UpdateRegion，只改 meta）\n            区域\n              \n            \n            颜色\n              \n            \n            标签\n              \n            \n            描述\n              \n            \n            annexedBy\n              \n            \n            提交元数据\n          \n        \n      \n\n      \n\n      \n        \n          区域\n          该快照无区域。\n        \n        待批\n        待批：0\n      \n    ","\n            连通性语义（必选，无默认）\n              \n                （未选）\n                merge（只加不删，保留既有标注）\n                replace（整份覆盖该 kind）\n              \n            \n            \n            非相邻的两格连不成边 ⇒ **未发出任何写命令**（轨迹 2 格）。\n          "]
STEP h1-three-regions-created-through-the-real-write-path: PASS {"posts":3,"results":[{"ok":true,"kind":null,"message":null},{"ok":true,"kind":null,"message":null},{"ok":true,"kind":null,"message":null}],"headBefore":9,"headAfter":12}
STEP h0-hex-1-2-has-exactly-two-owners: PASS {"status":200,"regions":["t9_a","t9_b"]}
STEP h0b-fixture-matches-the-hardcoded-expectations: PASS {"unionAB":3,"sumAB":4,"sharedAB":1,"f":{"hexStatus":200,"hexRegions":["t9_a","t9_b"],"a":{"id":"t9_a","hexCount":2,"color":"#ff0000"},"b":{"id":"t9_b","hexCount":2,"color":"#0000ff"},"c":{"id":"t9_c","hexCount":1,"color":"#00ff00"},"unionAB":3,"sumAB":4,"sharedAB":1,"fadeB":"#8a8adc","fadeC":"#8adc8a"}}
STEP h2a-highlight-count-equals-regions-length: PASS {"highlighted":["t9_a","t9_b"],"regions":["t9_a","t9_b"]}
STEP h2b-every-owner-hex-is-highlighted: PASS highlightHexCount=3 union=3
STEP h2c-focus-region-wins-on-the-overlap-with-a-faded-region: PASS at13={"color":"#0000ff","alpha":0.42}
STEP h2d-other-regions-are-faded: PASS ["t9_c"]
STEP h2e-every-rendered-fill-is-focus-alpha: PASS [0.42]
STEP h2f-region-mode-hex-click-is-read-only: PASS []
STEP h3a-left-panel-lists-each-owner-with-its-own-hexcount: PASS [{"id":"t9_a","hexcount":"2"},{"id":"t9_b","hexcount":"2"}]
STEP h3b-total-is-the-union-not-the-summed-hexcounts: PASS {"union":"3","sumAB":4,"text":"3 格（并集，逐 hex 去重；2 个区域，重叠 1 格只计一次）"}
STEP h3c-shared-hex-count-is-reported: PASS {"shared":"1","sharedAB":1}
STEP h4a-right-panel-region-item-is-clickable: PASS isVisible=true
STEP h4b-single-focus-fades-the-others: PASS ["t9_b","t9_c"]
STEP h4c-two-alpha-levels-are-really-rendered: PASS [0.13,0.42]
STEP h4d-faded-fill-is-the-independently-computed-mixture: PASS at13={"color":"#8a8adc","alpha":0.13} expected_color=#8a8adc
STEP h4e-focus-region-still-wins-its-overlap-hex: PASS at12={"color":"#ff0000","alpha":0.42}
STEP h4f-region-item-click-is-read-only: PASS []
STEP h4g-region-view-can-focus-a-not-first-region: PASS ["t9_b"]
STEP h4h-focus-wins-both-of-its-overlap-hexes: PASS at12={"color":"#0000ff","alpha":0.42} at13={"color":"#0000ff","alpha":0.42}
STEP h4i-region-item-click-is-read-only: PASS []
STEP h5a-region-edit-without-focus-fades-everything: PASS {"focus":null,"faded":["t9_a","t9_b","t9_c"],"alphas":[0.13],"n":3}
STEP h5b-region-edit-focus-original-others-faded: PASS {"focus":"t9_a","faded":["t9_b","t9_c"],"alphas":[0.13,0.52],"body":"t9_a"}
STEP h5c-focus-first-on-the-overlap-in-region-edit-too: PASS at12={"color":"#ff0000","alpha":0.52}
STEP h5d-faded-fill-in-region-edit-is-the-same-mixture: PASS at13={"color":"#8a8adc","alpha":0.13}
STEP h5e-region-edit-region-item-click-writes-nothing: PASS []
NONGET_ALL ["POST /api/command map.SetEdge","POST /api/command map.SetEdge","POST /api/command map.SetEdge","POST /api/command map.RandomizeRegion","POST /api/command map.RandomizeRegion","POST /api/command map.RandomizeRegion","POST /api/command map.RandomizeRegion","POST /api/command map.SetTerrain","POST /api/command map.CreateRegion","POST /api/command map.CreateRegion","POST /api/command map.CreateRegion"]
STEP z0-no-pageerror: PASS []
E2E RESULT: ALL PASS
e2e_rc=0
