round=m5
target=tools/gsimap_import.py
cmd={ python3 tools/check_v17levant_import.py /home/cna/DevMosire/workspace/worlds/v17levant/nodes/n0000_map.json simos-app/src/main/resources/worlds/v17levant.json; echo checker_rc=$?; }
orig_md5=c4fce3c957ac94391605aa118c045940
mutant_md5=4d45a2527b0d1a2e5facf6b56f57323f
test_rc=0
compilation_error_count=0
[check_v17levant_import] 源档   : /home/cna/DevMosire/workspace/worlds/v17levant/nodes/n0000_map.json
[check_v17levant_import] 资源   : simos-app/src/main/resources/worlds/v17levant.json
  [PASS] teeth.source-non-empty — source hexes=59223
  [PASS] teeth.resource-non-empty — resource hexes=59223
  [PASS] hexes.count — resource=59223 source=59223
  [PASS] provinces.count — 98
  [PASS] edges.count — 240（源档 edgeTags 非空格 248 / 480 有向条目 ÷2）
  [PASS] histogram.matches-lossy-merge — {'low_hills': 14107, 'plains': 28347, 'mountains': 1096, 'ocean': 14927, 'desert': 746}
  [PASS] regions.tags — {'Nation': 97, '王国': 1}
  [PASS] regions.multi-owner-sample — (-105, 67) -> ['区域14', '石冠诸部']
  [PASS] regions.has-at-least-one-multi-owner — multi-owner hexes=81
  [PASS] edges.adjacent-and-all-river — bad=0 nonRiver=0
  [PASS] priority.falls-back-to-edgeTags-when-edges-empty — source=edgeTags edges=1
  [PASS] priority.edges-wins-when-present — source=edges
  [FAIL] cross-check.rejects-mismatch — 不一致却通过了
  [PASS] lossy.lowland-and-swamp-flagged
[check_v17levant_import] 结果   : FAIL
[check_v17levant_import] 失败项 : cross-check.rejects-mismatch
checker_rc=1
restored_md5=c4fce3c957ac94391605aa118c045940
round_done=OK
