[INFO] Scanning for projects...
[INFO] ------------------------------------------------------------------------
[INFO] Reactor Build Order:
[INFO] 
[INFO] SimulatorMosire                                                    [pom]
[INFO] UtilSimos                                                          [jar]
[INFO] MapSimos                                                           [jar]
[INFO] SocialSimos                                                        [jar]
[INFO] UnitSimos                                                          [jar]
[INFO] SDSimos                                                            [jar]
[INFO] 
[INFO] -----------------------< io.mosire:simos-parent >-----------------------
[INFO] Building SimulatorMosire 0.1.0-SNAPSHOT                            [1/6]
[INFO]   from pom.xml
[INFO] --------------------------------[ pom ]---------------------------------
[INFO] 
[INFO] --- enforcer:3.6.3:enforce (enforce-java-and-maven) @ simos-parent ---
[INFO] Rule 0: org.apache.maven.enforcer.rules.version.RequireJavaVersion passed
[INFO] Rule 1: org.apache.maven.enforcer.rules.version.RequireMavenVersion passed
[INFO] 
[INFO] --- checkstyle:3.6.0:check (checkstyle-check) @ simos-parent ---
[INFO] Starting audit...
Audit done.
[INFO] You have 0 Checkstyle violations.
[INFO] 
[INFO] ------------------------< io.mosire:simos-util >------------------------
[INFO] Building UtilSimos 0.1.0-SNAPSHOT                                  [2/6]
[INFO]   from simos-util/pom.xml
[INFO] --------------------------------[ jar ]---------------------------------
[INFO] 
[INFO] --- enforcer:3.6.3:enforce (enforce-java-and-maven) @ simos-util ---
[INFO] 
[INFO] --- enforcer:3.6.3:enforce (enforce-module-boundaries) @ simos-util ---
[INFO] Rule 0: org.apache.maven.enforcer.rules.dependency.BannedDependencies passed
[INFO] 
[INFO] --- checkstyle:3.6.0:check (checkstyle-check) @ simos-util ---
[INFO] Starting audit...
Audit done.
[INFO] You have 0 Checkstyle violations.
[INFO] 
[INFO] --- resources:3.4.0:resources (default-resources) @ simos-util ---
[INFO] skip non existing resourceDirectory /home/cna/SimulatorMosire/simos-util/src/main/resources
[INFO] 
[INFO] --- compiler:3.16.0:compile (default-compile) @ simos-util ---
[INFO] Nothing to compile - all classes are up to date.
[INFO] 
[INFO] --- resources:3.4.0:testResources (default-testResources) @ simos-util ---
[INFO] skip non existing resourceDirectory /home/cna/SimulatorMosire/simos-util/src/test/resources
[INFO] 
[INFO] --- compiler:3.16.0:testCompile (default-testCompile) @ simos-util ---
[INFO] Nothing to compile - all classes are up to date.
[INFO] 
[INFO] --- surefire:3.6.0:test (default-test) @ simos-util ---
[INFO] 
[INFO] ------------------------< io.mosire:simos-map >-------------------------
[INFO] Building MapSimos 0.1.0-SNAPSHOT                                   [3/6]
[INFO]   from simos-map/pom.xml
[INFO] --------------------------------[ jar ]---------------------------------
[INFO] 
[INFO] --- enforcer:3.6.3:enforce (enforce-java-and-maven) @ simos-map ---
[INFO] 
[INFO] --- enforcer:3.6.3:enforce (enforce-module-boundaries) @ simos-map ---
[INFO] Rule 0: org.apache.maven.enforcer.rules.dependency.BannedDependencies passed
[INFO] 
[INFO] --- checkstyle:3.6.0:check (checkstyle-check) @ simos-map ---
[INFO] Starting audit...
Audit done.
[INFO] You have 0 Checkstyle violations.
[INFO] 
[INFO] --- resources:3.4.0:resources (default-resources) @ simos-map ---
[INFO] skip non existing resourceDirectory /home/cna/SimulatorMosire/simos-map/src/main/resources
[INFO] 
[INFO] --- compiler:3.16.0:compile (default-compile) @ simos-map ---
[INFO] Nothing to compile - all classes are up to date.
[INFO] 
[INFO] --- resources:3.4.0:testResources (default-testResources) @ simos-map ---
[INFO] skip non existing resourceDirectory /home/cna/SimulatorMosire/simos-map/src/test/resources
[INFO] 
[INFO] --- compiler:3.16.0:testCompile (default-testCompile) @ simos-map ---
[INFO] Nothing to compile - all classes are up to date.
[INFO] 
[INFO] --- surefire:3.6.0:test (default-test) @ simos-map ---
[INFO] 
[INFO] -----------------------< io.mosire:simos-social >-----------------------
[INFO] Building SocialSimos 0.1.0-SNAPSHOT                                [4/6]
[INFO]   from simos-social/pom.xml
[INFO] --------------------------------[ jar ]---------------------------------
[INFO] 
[INFO] --- enforcer:3.6.3:enforce (enforce-java-and-maven) @ simos-social ---
[INFO] 
[INFO] --- enforcer:3.6.3:enforce (enforce-module-boundaries) @ simos-social ---
[INFO] Rule 0: org.apache.maven.enforcer.rules.dependency.BannedDependencies passed
[INFO] 
[INFO] --- checkstyle:3.6.0:check (checkstyle-check) @ simos-social ---
[INFO] Starting audit...
Audit done.
[INFO] You have 0 Checkstyle violations.
[INFO] 
[INFO] --- resources:3.4.0:resources (default-resources) @ simos-social ---
[INFO] skip non existing resourceDirectory /home/cna/SimulatorMosire/simos-social/src/main/resources
[INFO] 
[INFO] --- compiler:3.16.0:compile (default-compile) @ simos-social ---
[INFO] Nothing to compile - all classes are up to date.
[INFO] 
[INFO] --- resources:3.4.0:testResources (default-testResources) @ simos-social ---
[INFO] skip non existing resourceDirectory /home/cna/SimulatorMosire/simos-social/src/test/resources
[INFO] 
[INFO] --- compiler:3.16.0:testCompile (default-testCompile) @ simos-social ---
[INFO] Nothing to compile - all classes are up to date.
[INFO] 
[INFO] --- surefire:3.6.0:test (default-test) @ simos-social ---
[INFO] 
[INFO] ------------------------< io.mosire:simos-unit >------------------------
[INFO] Building UnitSimos 0.1.0-SNAPSHOT                                  [5/6]
[INFO]   from simos-unit/pom.xml
[INFO] --------------------------------[ jar ]---------------------------------
[INFO] 
[INFO] --- enforcer:3.6.3:enforce (enforce-java-and-maven) @ simos-unit ---
[INFO] 
[INFO] --- enforcer:3.6.3:enforce (enforce-module-boundaries) @ simos-unit ---
[INFO] Rule 0: org.apache.maven.enforcer.rules.dependency.BannedDependencies passed
[INFO] 
[INFO] --- checkstyle:3.6.0:check (checkstyle-check) @ simos-unit ---
[INFO] Starting audit...
Audit done.
[INFO] You have 0 Checkstyle violations.
[INFO] 
[INFO] --- resources:3.4.0:resources (default-resources) @ simos-unit ---
[INFO] skip non existing resourceDirectory /home/cna/SimulatorMosire/simos-unit/src/main/resources
[INFO] 
[INFO] --- compiler:3.16.0:compile (default-compile) @ simos-unit ---
[INFO] Nothing to compile - all classes are up to date.
[INFO] 
[INFO] --- resources:3.4.0:testResources (default-testResources) @ simos-unit ---
[INFO] skip non existing resourceDirectory /home/cna/SimulatorMosire/simos-unit/src/test/resources
[INFO] 
[INFO] --- compiler:3.16.0:testCompile (default-testCompile) @ simos-unit ---
[INFO] Nothing to compile - all classes are up to date.
[INFO] 
[INFO] --- surefire:3.6.0:test (default-test) @ simos-unit ---
[INFO] 
[INFO] -------------------------< io.mosire:simos-sd >-------------------------
[INFO] Building SDSimos 0.1.0-SNAPSHOT                                    [6/6]
[INFO]   from simos-sd/pom.xml
[INFO] --------------------------------[ jar ]---------------------------------
[INFO] 
[INFO] --- enforcer:3.6.3:enforce (enforce-java-and-maven) @ simos-sd ---
[INFO] 
[INFO] --- enforcer:3.6.3:enforce (enforce-module-boundaries) @ simos-sd ---
[INFO] Rule 0: org.apache.maven.enforcer.rules.dependency.BannedDependencies passed
[INFO] 
[INFO] --- checkstyle:3.6.0:check (checkstyle-check) @ simos-sd ---
[INFO] Starting audit...
Audit done.
[INFO] You have 0 Checkstyle violations.
[INFO] 
[INFO] --- resources:3.4.0:resources (default-resources) @ simos-sd ---
[INFO] skip non existing resourceDirectory /home/cna/SimulatorMosire/simos-sd/src/main/resources
[INFO] 
[INFO] --- compiler:3.16.0:compile (default-compile) @ simos-sd ---
[INFO] Recompiling the module because of changed source code.
[INFO] Compiling 86 source files with javac [debug release 21] to target/classes
[INFO] Annotation processing is enabled because one or more processors were found
  on the class path. A future release of javac may disable annotation processing
  unless at least one processor is specified by name (-processor), or a search
  path is specified (--processor-path, --processor-module-path), or annotation
  processing is enabled explicitly (-proc:only, -proc:full).
  Use -Xlint:-options to suppress this message.
  Use -proc:none to disable annotation processing.
[INFO] org.pf4j.processor.ExtensionAnnotationProcessor init
[INFO] Options {}
[INFO] Processing @org.pf4j.Extension
[INFO] /home/cna/SimulatorMosire/simos-sd/src/main/java/io/mosire/simos/sd/spi/SdPayloads.java: /home/cna/SimulatorMosire/simos-sd/src/main/java/io/mosire/simos/sd/spi/SdPayloads.java uses or overrides a deprecated API.
[INFO] /home/cna/SimulatorMosire/simos-sd/src/main/java/io/mosire/simos/sd/spi/SdPayloads.java: Recompile with -Xlint:deprecation for details.
[INFO] -------------------------------------------------------------
[ERROR] COMPILATION ERROR : 
[INFO] -------------------------------------------------------------
[ERROR] /home/cna/SimulatorMosire/simos-sd/src/main/java/io/mosire/simos/sd/spi/ResetDecisionMakerConversationHandler.java:[70,11] no suitable constructor found for DecisionMaker(io.mosire.simos.sd.id.DecisionMakerId,io.mosire.simos.sd.model.Affiliation,java.util.Set<java.lang.String>,io.mosire.simos.sd.model.AccessLimit,long,long)
    constructor io.mosire.simos.sd.model.DecisionMaker.DecisionMaker(io.mosire.simos.sd.id.DecisionMakerId,io.mosire.simos.sd.model.Affiliation,java.util.Set<java.lang.String>,io.mosire.simos.sd.model.AccessLimit,long) is not applicable
      (actual and formal argument lists differ in length)
    constructor io.mosire.simos.sd.model.DecisionMaker.DecisionMaker(io.mosire.simos.sd.id.DecisionMakerId,io.mosire.simos.sd.model.Affiliation,java.util.Set<java.lang.String>,io.mosire.simos.sd.model.AccessLimit,long,java.util.Optional<java.lang.String>,long) is not applicable
      (actual and formal argument lists differ in length)
[INFO] 1 error
[INFO] -------------------------------------------------------------
[INFO] ------------------------------------------------------------------------
[INFO] Reactor Summary for SimulatorMosire 0.1.0-SNAPSHOT:
[INFO] 
[INFO] SimulatorMosire .................................... SUCCESS [  0.463 s]
[INFO] UtilSimos .......................................... SUCCESS [  0.197 s]
[INFO] MapSimos ........................................... SUCCESS [  0.032 s]
[INFO] SocialSimos ........................................ SUCCESS [  0.024 s]
[INFO] UnitSimos .......................................... SUCCESS [  0.024 s]
[INFO] SDSimos ............................................ FAILURE [  0.961 s]
[INFO] ------------------------------------------------------------------------
[INFO] BUILD FAILURE
[INFO] ------------------------------------------------------------------------
[INFO] Total time:  1.782 s
[INFO] Finished at: 2026-09-23T03:30:20+08:00
[INFO] ------------------------------------------------------------------------
[ERROR] Failed to execute goal org.apache.maven.plugins:maven-compiler-plugin:3.16.0:compile (default-compile) on project simos-sd: Compilation failure
[ERROR] /home/cna/SimulatorMosire/simos-sd/src/main/java/io/mosire/simos/sd/spi/ResetDecisionMakerConversationHandler.java:[70,11] no suitable constructor found for DecisionMaker(io.mosire.simos.sd.id.DecisionMakerId,io.mosire.simos.sd.model.Affiliation,java.util.Set<java.lang.String>,io.mosire.simos.sd.model.AccessLimit,long,long)
[ERROR]     constructor io.mosire.simos.sd.model.DecisionMaker.DecisionMaker(io.mosire.simos.sd.id.DecisionMakerId,io.mosire.simos.sd.model.Affiliation,java.util.Set<java.lang.String>,io.mosire.simos.sd.model.AccessLimit,long) is not applicable
[ERROR]       (actual and formal argument lists differ in length)
[ERROR]     constructor io.mosire.simos.sd.model.DecisionMaker.DecisionMaker(io.mosire.simos.sd.id.DecisionMakerId,io.mosire.simos.sd.model.Affiliation,java.util.Set<java.lang.String>,io.mosire.simos.sd.model.AccessLimit,long,java.util.Optional<java.lang.String>,long) is not applicable
[ERROR]       (actual and formal argument lists differ in length)
[ERROR] 
[ERROR] -> [Help 1]
[ERROR] 
[ERROR] To see the full stack trace of the errors, re-run Maven with the -e switch.
[ERROR] Re-run Maven using the -X switch to enable full debug logging.
[ERROR] 
[ERROR] For more information about the errors and possible solutions, please read the following articles:
[ERROR] [Help 1] http://cwiki.apache.org/confluence/display/MAVEN/MojoFailureException
[ERROR] 
[ERROR] After correcting the problems, you can resume the build with the command
[ERROR]   mvn <args> -rf :simos-sd
===== round=m7 =====
target=simos-sd/src/main/java/io/mosire/simos/sd/spi/ResetDecisionMakerConversationHandler.java
module=simos-sd
tests=ResetDecisionMakerConversationHandlerTest,SetDecisionMakerProviderHandlerTest
baseline_md5=14d9a7257c51af2a4e71a5eccf261937
mutant_md5=2043a556ac050d17d52109e67354b0b2
restored_md5=14d9a7257c51af2a4e71a5eccf261937
restored_identical=true
compilation_errors=1
report_files=0
maven_rc=1
last_surefire_summary=<无>
red_count=0
red_targets:
  - 
