== mut-run start ==
c1m1 verdict=KILLED module=simos-sd selector=SdCombatHandlersTest orig_md5=d62cb744ab3a309d37f49e82fd10a9a1 mutant_md5=b6249dcf5ef73daadf248cf1e96d4e75 pushed_md5=b6249dcf5ef73daadf248cf1e96d4e75 restored_md5=d62cb744ab3a309d37f49e82fd10a9a1 comp_errors=0 tests_run=19 rc=1 marker=addStageRejectsBrokenChain red=True
c1m3 verdict=KILLED module=simos-sd selector=SdCombatHandlersTest orig_md5=608f5ad0f7699668f9bf77e9de36d5e9 mutant_md5=a598a1ba912509a2114169bd59d8ec06 pushed_md5=a598a1ba912509a2114169bd59d8ec06 restored_md5=608f5ad0f7699668f9bf77e9de36d5e9 comp_errors=0 tests_run=19 rc=1 marker=createCombatRejectsDanglingParticipant red=True
c1m4b verdict=KILLED module=simos-sd selector=SdCombatHandlersTest orig_md5=b827f81ad76b9463f83881c1a51dde62 mutant_md5=296646e9592b26884cf07de4cd40b8e6 pushed_md5=296646e9592b26884cf07de4cd40b8e6 restored_md5=b827f81ad76b9463f83881c1a51dde62 comp_errors=0 tests_run=19 rc=1 marker=setOutcomeTableReplacesWeights red=True
c2m1 verdict=KILLED module=simos-sd selector=SdCombatHandlersTest orig_md5=bb5ba874590eb40df684ddd4fe80bc4c mutant_md5=4394907f6284fd1bd33f2ab430d1fe51 pushed_md5=4394907f6284fd1bd33f2ab430d1fe51 restored_md5=bb5ba874590eb40df684ddd4fe80bc4c comp_errors=0 tests_run=19 rc=1 marker=commitOutcomeRejectsOutcomeFromAnotherStage red=True
c2m2 verdict=KILLED module=simos-sd selector=SdCombatHandlersTest orig_md5=bb5ba874590eb40df684ddd4fe80bc4c mutant_md5=eb71048611316d7d8bc310a1380e4adc pushed_md5=eb71048611316d7d8bc310a1380e4adc restored_md5=bb5ba874590eb40df684ddd4fe80bc4c comp_errors=0 tests_run=19 rc=1 marker=commitOutcomeRejectsSecondSelection red=True
c3m1 verdict=KILLED module=simos-sd selector=SdCombatHandlersTest orig_md5=2e6e921dc3d087dff7eef2d6a995d659 mutant_md5=903e754b5b33f398a732fe07715f039b pushed_md5=903e754b5b33f398a732fe07715f039b restored_md5=2e6e921dc3d087dff7eef2d6a995d659 comp_errors=0 tests_run=19 rc=1 marker=recordCasualtiesRejectsPersonnelOverBound red=True
c3m2 verdict=KILLED module=simos-sd selector=SdCombatHandlersTest orig_md5=2e6e921dc3d087dff7eef2d6a995d659 mutant_md5=7c60f36f9e3b137cca38f1521e3d5c0c pushed_md5=7c60f36f9e3b137cca38f1521e3d5c0c restored_md5=2e6e921dc3d087dff7eef2d6a995d659 comp_errors=0 tests_run=19 rc=1 marker=recordCasualtiesAcceptsExactPersonnelBound red=True
c3m3 verdict=KILLED module=simos-sd selector=SdCombatHandlersTest orig_md5=2e6e921dc3d087dff7eef2d6a995d659 mutant_md5=a5bf6e9a34735e9150f86af810b1e021 pushed_md5=a5bf6e9a34735e9150f86af810b1e021 restored_md5=2e6e921dc3d087dff7eef2d6a995d659 comp_errors=0 tests_run=19 rc=1 marker=recordCasualtiesStoresDeltaWithRevision red=True
c4m1 verdict=KILLED module=simos-sd selector=SdTimeParticipantTest orig_md5=72553a335a8f1c61755eaa0a19cd8dd4 mutant_md5=7c393ae39ffc00a71186f6bdb8fbe8af pushed_md5=7c393ae39ffc00a71186f6bdb8fbe8af restored_md5=72553a335a8f1c61755eaa0a19cd8dd4 comp_errors=0 tests_run=9 rc=1 marker=effectDoesNotFireBeforeTrigger red=True
c4m2 verdict=VOID(no-tests-ran) module=simos-sd selector=SdTimeParticipantTest orig_md5=72553a335a8f1c61755eaa0a19cd8dd4 mutant_md5=3149dbf89d5a166284af75ac725e1117 pushed_md5=3149dbf89d5a166284af75ac725e1117 restored_md5=72553a335a8f1c61755eaa0a19cd8dd4 comp_errors=0 tests_run=0 rc=0 marker=effectDoesNotRepeatOnLaterTick red=False
c4m3 verdict=KILLED module=simos-sd selector=SdTimeParticipantTest orig_md5=72553a335a8f1c61755eaa0a19cd8dd4 mutant_md5=e13c4c862a441844dfd5789ed2520e3a pushed_md5=e13c4c862a441844dfd5789ed2520e3a restored_md5=72553a335a8f1c61755eaa0a19cd8dd4 comp_errors=0 tests_run=9 rc=1 marker=stageAdvancesWhenAtOrAfterTickExitIsSatisfied red=True
c4m4 verdict=KILLED module=simos-app selector=SimosToolsTest orig_md5=8f78965f7fb096b1e1f62397098979d5 mutant_md5=38c3d1249637d5367e0dabd1d3d47f94 pushed_md5=38c3d1249637d5367e0dabd1d3d47f94 restored_md5=8f78965f7fb096b1e1f62397098979d5 comp_errors=0 tests_run=14 rc=1 marker=SimosToolsTest red=True
c5m1 verdict=KILLED module=simos-app selector=SdCommandDrainTest orig_md5=bc1061a5f962454b38cf4c173c9a582c mutant_md5=0996dbfb5147b229d777a782b0deed66 pushed_md5=0996dbfb5147b229d777a782b0deed66 restored_md5=bc1061a5f962454b38cf4c173c9a582c comp_errors=0 tests_run=2 rc=1 marker=crossModuleEffectBecomesARealRevisionAndIsIdempotent red=True
c5m3 verdict=KILLED module=simos-app selector=SdCommandDrainTest orig_md5=bc1061a5f962454b38cf4c173c9a582c mutant_md5=683d1eef50b080bd42900f99f4d304dc pushed_md5=683d1eef50b080bd42900f99f4d304dc restored_md5=bc1061a5f962454b38cf4c173c9a582c comp_errors=0 tests_run=2 rc=1 marker=crossModuleEffectBecomesARealRevisionAndIsIdempotent red=True
c6m2 verdict=KILLED module=simos-app selector=SdCombatEndToEndTest orig_md5=eefd627dbbb2513d7310200d3a49ec77 mutant_md5=dfdf59448914c3ae3c84cac6e18799a5 pushed_md5=dfdf59448914c3ae3c84cac6e18799a5 restored_md5=eefd627dbbb2513d7310200d3a49ec77 comp_errors=0 tests_run=1 rc=1 marker=stageAdvanceIsConditionDrivenFrozenAndSelectsExactlyOne red=True
c4m2b verdict=KILLED orig_md5=72553a335a8f1c61755eaa0a19cd8dd4 mutant_md5=3149dbf89d5a166284af75ac725e1117 restored_md5=72553a335a8f1c61755eaa0a19cd8dd4 comp_errors=0 tests_run=10 rc=1 red=True
## 装置补记（自指更正）
- c4m2 被标 VOID(no-tests-ran) 是**装置缺陷**，非"没跑到"：驱动器用 `-q`，Maven 在**通过**轮不打印 `Tests run:` 汇总 ⇒ tests_run=0。
  实为**存活（等价变异体）**：`EnqueueUnitCommand` 的 action 重复处理把 FIRED 再写成 FIRED，状态无差异 ⇒ 用例判不出。
- 补判据 `firedPutInfoEffectDoesNotAppendAgain`（PutInfo 重复处理会追加第二条 INFO）后，同款变异体 **c4m2b KILLED**（去掉 `-q` 重跑，`Tests run: 10, Failures: 1`，红点=该新用例）。
